2025-11-03 11:03:34 [DBG] [Microsoft.Extensions.Hosting.Internal.Host] Hosting starting
2025-11-03 11:03:34 [INF] [Microsoft.Hosting.Lifetime] Now listening on: "http://localhost:5180"
2025-11-03 11:03:34 [INF] [Microsoft.Hosting.Lifetime] Application started. Press Ctrl+C to shut down.
2025-11-03 11:03:34 [INF] [Microsoft.Hosting.Lifetime] Hosting environment: "Development"
2025-11-03 11:03:34 [INF] [Microsoft.Hosting.Lifetime] Content root path: "C:\Users\User\Downloads\TrueCode\TrueCode\TrueCodeApp\TrueCodeApp.User.Startup"
2025-11-03 11:03:34 [DBG] [Microsoft.Extensions.Hosting.Internal.Host] Hosting started
2025-11-03 11:03:34 [INF] [Serilog.AspNetCore.RequestLoggingMiddleware] HTTP "GET" "/swagger" responded 302 in 23.7278 ms
2025-11-03 11:03:34 [INF] [Serilog.AspNetCore.RequestLoggingMiddleware] HTTP "GET" "/swagger/index.html" responded 404 in 0.8150 ms
2025-11-03 11:03:41 [INF] [Microsoft.Hosting.Lifetime] Application is shutting down...
2025-11-03 11:03:41 [DBG] [Microsoft.Extensions.Hosting.Internal.Host] Hosting stopping
2025-11-03 11:03:41 [DBG] [Microsoft.Extensions.Hosting.Internal.Host] Hosting stopped
2025-11-03 11:24:16 [DBG] [Microsoft.Extensions.Hosting.Internal.Host] Hosting starting
2025-11-03 11:24:16 [INF] [Microsoft.Hosting.Lifetime] Now listening on: "http://localhost:5180"
2025-11-03 11:24:16 [INF] [Microsoft.Hosting.Lifetime] Application started. Press Ctrl+C to shut down.
2025-11-03 11:24:16 [INF] [Microsoft.Hosting.Lifetime] Hosting environment: "Development"
2025-11-03 11:24:16 [INF] [Microsoft.Hosting.Lifetime] Content root path: "C:\Users\User\Downloads\TrueCode\TrueCode\TrueCodeApp\TrueCodeApp.User.Startup"
2025-11-03 11:24:16 [DBG] [Microsoft.Extensions.Hosting.Internal.Host] Hosting started
2025-11-03 11:24:17 [INF] [Serilog.AspNetCore.RequestLoggingMiddleware] HTTP "GET" "/swagger" responded 301 in 196.5986 ms
2025-11-03 11:24:17 [INF] [Serilog.AspNetCore.RequestLoggingMiddleware] HTTP "GET" "/swagger/index.html" responded 200 in 76.8694 ms
2025-11-03 11:24:17 [INF] [Serilog.AspNetCore.RequestLoggingMiddleware] HTTP "GET" "/swagger/index.js" responded 200 in 2.7436 ms
2025-11-03 11:24:17 [INF] [Serilog.AspNetCore.RequestLoggingMiddleware] HTTP "GET" "/swagger/index.css" responded 200 in 18.7898 ms
2025-11-03 11:24:17 [INF] [Serilog.AspNetCore.RequestLoggingMiddleware] HTTP "GET" "/swagger/swagger-ui.css" responded 200 in 46.6784 ms
2025-11-03 11:24:17 [INF] [Serilog.AspNetCore.RequestLoggingMiddleware] HTTP "GET" "/swagger/swagger-ui-standalone-preset.js" responded 200 in 42.2636 ms
2025-11-03 11:24:17 [INF] [Serilog.AspNetCore.RequestLoggingMiddleware] HTTP "GET" "/swagger/swagger-ui-bundle.js" responded 200 in 68.8618 ms
2025-11-03 11:24:17 [INF] [Serilog.AspNetCore.RequestLoggingMiddleware] HTTP "GET" "/swagger/favicon-32x32.png" responded 200 in 0.7301 ms
2025-11-03 11:24:17 [INF] [Serilog.AspNetCore.RequestLoggingMiddleware] HTTP "GET" "/swagger/v1/swagger.json" responded 200 in 137.2598 ms
2025-11-03 11:26:47 [INF] [Microsoft.Hosting.Lifetime] Application is shutting down...
2025-11-03 11:26:47 [DBG] [Microsoft.Extensions.Hosting.Internal.Host] Hosting stopping
2025-11-03 11:26:47 [DBG] [Microsoft.Extensions.Hosting.Internal.Host] Hosting stopped
2025-11-03 11:31:22 [DBG] [Microsoft.Extensions.Hosting.Internal.Host] Hosting starting
2025-11-03 11:31:22 [INF] [Microsoft.Hosting.Lifetime] Now listening on: "http://localhost:5180"
2025-11-03 11:31:22 [INF] [Microsoft.Hosting.Lifetime] Application started. Press Ctrl+C to shut down.
2025-11-03 11:31:22 [INF] [Microsoft.Hosting.Lifetime] Hosting environment: "Development"
2025-11-03 11:31:22 [INF] [Microsoft.Hosting.Lifetime] Content root path: "C:\Users\User\Downloads\TrueCode\TrueCode\TrueCodeApp\TrueCodeApp.User.Startup"
2025-11-03 11:31:22 [DBG] [Microsoft.Extensions.Hosting.Internal.Host] Hosting started
2025-11-03 11:31:23 [INF] [Serilog.AspNetCore.RequestLoggingMiddleware] HTTP "GET" "/swagger/index.html" responded 200 in 173.6986 ms
2025-11-03 11:31:23 [INF] [Serilog.AspNetCore.RequestLoggingMiddleware] HTTP "GET" "/swagger/index.js" responded 200 in 7.7985 ms
2025-11-03 11:31:23 [INF] [Serilog.AspNetCore.RequestLoggingMiddleware] HTTP "GET" "/swagger/v1/swagger.json" responded 200 in 124.6472 ms
2025-11-03 11:31:31 [INF] [Microsoft.Hosting.Lifetime] Application is shutting down...
2025-11-03 11:31:31 [DBG] [Microsoft.Extensions.Hosting.Internal.Host] Hosting stopping
2025-11-03 11:31:31 [DBG] [Microsoft.Extensions.Hosting.Internal.Host] Hosting stopped
2025-11-03 11:37:25 [DBG] [Microsoft.Extensions.Hosting.Internal.Host] Hosting starting
2025-11-03 11:37:25 [INF] [Microsoft.Hosting.Lifetime] Now listening on: "http://localhost:5180"
2025-11-03 11:37:25 [INF] [Microsoft.Hosting.Lifetime] Application started. Press Ctrl+C to shut down.
2025-11-03 11:37:25 [INF] [Microsoft.Hosting.Lifetime] Hosting environment: "Development"
2025-11-03 11:37:25 [INF] [Microsoft.Hosting.Lifetime] Content root path: "C:\Users\User\Downloads\TrueCode\TrueCode\TrueCodeApp\TrueCodeApp.User.Startup"
2025-11-03 11:37:25 [DBG] [Microsoft.Extensions.Hosting.Internal.Host] Hosting started
2025-11-03 11:37:27 [INF] [Serilog.AspNetCore.RequestLoggingMiddleware] HTTP "GET" "/swagger/index.html" responded 200 in 370.5350 ms
2025-11-03 11:37:27 [INF] [Serilog.AspNetCore.RequestLoggingMiddleware] HTTP "GET" "/swagger/index.js" responded 200 in 24.5834 ms
2025-11-03 11:37:27 [INF] [Serilog.AspNetCore.RequestLoggingMiddleware] HTTP "GET" "/swagger/v1/swagger.json" responded 200 in 149.6252 ms
2025-11-03 11:37:45 [ERR] [Serilog.AspNetCore.RequestLoggingMiddleware] HTTP "POST" "/api/User/register" responded 500 in 51.6511 ms
System.InvalidOperationException: Unable to resolve service for type 'TrueCodeApp.User.Domain.Services.IAuthService' while attempting to activate 'TrueCodeApp.User.Web.Controllers.UserController'.
   at Microsoft.Extensions.DependencyInjection.ActivatorUtilities.ThrowHelperUnableToResolveService(Type type, Type requiredBy)
   at Microsoft.Extensions.DependencyInjection.ActivatorUtilities.GetService(IServiceProvider sp, Type type, Type requiredBy, Boolean hasDefaultValue, Object key)
   at lambda_method9(Closure, IServiceProvider, Object[])
   at Microsoft.AspNetCore.Mvc.Controllers.ControllerFactoryProvider.<>c__DisplayClass6_0.<CreateControllerFactory>g__CreateController|0(ControllerContext controllerContext)
   at Microsoft.AspNetCore.Mvc.Infrastructure.ControllerActionInvoker.Next(State& next, Scope& scope, Object& state, Boolean& isCompleted)
   at Microsoft.AspNetCore.Mvc.Infrastructure.ControllerActionInvoker.InvokeInnerFilterAsync()
--- End of stack trace from previous location ---
   at Microsoft.AspNetCore.Mvc.Infrastructure.ResourceInvoker.<InvokeFilterPipelineAsync>g__Awaited|20_0(ResourceInvoker invoker, Task lastTask, State next, Scope scope, Object state, Boolean isCompleted)
   at Microsoft.AspNetCore.Mvc.Infrastructure.ResourceInvoker.<InvokeAsync>g__Logged|17_1(ResourceInvoker invoker)
   at Microsoft.AspNetCore.Mvc.Infrastructure.ResourceInvoker.<InvokeAsync>g__Logged|17_1(ResourceInvoker invoker)
   at Swashbuckle.AspNetCore.SwaggerUI.SwaggerUIMiddleware.Invoke(HttpContext httpContext)
   at Swashbuckle.AspNetCore.Swagger.SwaggerMiddleware.Invoke(HttpContext httpContext, ISwaggerProvider swaggerProvider)
   at Microsoft.AspNetCore.Authorization.AuthorizationMiddleware.Invoke(HttpContext context)
   at Microsoft.AspNetCore.Authentication.AuthenticationMiddleware.Invoke(HttpContext context)
   at Serilog.AspNetCore.RequestLoggingMiddleware.Invoke(HttpContext httpContext)
2025-11-03 11:37:45 [ERR] [Microsoft.AspNetCore.Diagnostics.DeveloperExceptionPageMiddleware] An unhandled exception has occurred while executing the request.
System.InvalidOperationException: Unable to resolve service for type 'TrueCodeApp.User.Domain.Services.IAuthService' while attempting to activate 'TrueCodeApp.User.Web.Controllers.UserController'.
   at Microsoft.Extensions.DependencyInjection.ActivatorUtilities.ThrowHelperUnableToResolveService(Type type, Type requiredBy)
   at Microsoft.Extensions.DependencyInjection.ActivatorUtilities.GetService(IServiceProvider sp, Type type, Type requiredBy, Boolean hasDefaultValue, Object key)
   at lambda_method9(Closure, IServiceProvider, Object[])
   at Microsoft.AspNetCore.Mvc.Controllers.ControllerFactoryProvider.<>c__DisplayClass6_0.<CreateControllerFactory>g__CreateController|0(ControllerContext controllerContext)
   at Microsoft.AspNetCore.Mvc.Infrastructure.ControllerActionInvoker.Next(State& next, Scope& scope, Object& state, Boolean& isCompleted)
   at Microsoft.AspNetCore.Mvc.Infrastructure.ControllerActionInvoker.InvokeInnerFilterAsync()
--- End of stack trace from previous location ---
   at Microsoft.AspNetCore.Mvc.Infrastructure.ResourceInvoker.<InvokeFilterPipelineAsync>g__Awaited|20_0(ResourceInvoker invoker, Task lastTask, State next, Scope scope, Object state, Boolean isCompleted)
   at Microsoft.AspNetCore.Mvc.Infrastructure.ResourceInvoker.<InvokeAsync>g__Logged|17_1(ResourceInvoker invoker)
   at Microsoft.AspNetCore.Mvc.Infrastructure.ResourceInvoker.<InvokeAsync>g__Logged|17_1(ResourceInvoker invoker)
   at Swashbuckle.AspNetCore.SwaggerUI.SwaggerUIMiddleware.Invoke(HttpContext httpContext)
   at Swashbuckle.AspNetCore.Swagger.SwaggerMiddleware.Invoke(HttpContext httpContext, ISwaggerProvider swaggerProvider)
   at Microsoft.AspNetCore.Authorization.AuthorizationMiddleware.Invoke(HttpContext context)
   at Microsoft.AspNetCore.Authentication.AuthenticationMiddleware.Invoke(HttpContext context)
   at Serilog.AspNetCore.RequestLoggingMiddleware.Invoke(HttpContext httpContext)
   at Microsoft.AspNetCore.Diagnostics.DeveloperExceptionPageMiddlewareImpl.Invoke(HttpContext context)
2025-11-03 11:48:07 [DBG] [Microsoft.Extensions.Hosting.Internal.Host] Hosting starting
2025-11-03 11:48:08 [INF] [Microsoft.Hosting.Lifetime] Now listening on: "http://localhost:5180"
2025-11-03 11:48:08 [INF] [Microsoft.Hosting.Lifetime] Application started. Press Ctrl+C to shut down.
2025-11-03 11:48:08 [INF] [Microsoft.Hosting.Lifetime] Hosting environment: "Development"
2025-11-03 11:48:08 [INF] [Microsoft.Hosting.Lifetime] Content root path: "C:\Users\User\Downloads\TrueCode\TrueCode\TrueCodeApp\TrueCodeApp.User.Startup"
2025-11-03 11:48:08 [DBG] [Microsoft.Extensions.Hosting.Internal.Host] Hosting started
2025-11-03 11:48:08 [INF] [Serilog.AspNetCore.RequestLoggingMiddleware] HTTP "GET" "/swagger/index.html" responded 200 in 297.4491 ms
2025-11-03 11:48:08 [INF] [Serilog.AspNetCore.RequestLoggingMiddleware] HTTP "GET" "/swagger/index.js" responded 200 in 15.4557 ms
2025-11-03 11:48:08 [INF] [Serilog.AspNetCore.RequestLoggingMiddleware] HTTP "GET" "/swagger/v1/swagger.json" responded 200 in 145.7471 ms
2025-11-03 11:51:38 [ERR] [Serilog.AspNetCore.RequestLoggingMiddleware] HTTP "POST" "/api/User/register" responded 500 in 43.7741 ms
System.InvalidOperationException: Unable to resolve service for type 'TrueCodeApp.User.Domain.Services.IAuthService' while attempting to activate 'TrueCodeApp.User.Web.Controllers.UserController'.
   at Microsoft.Extensions.DependencyInjection.ActivatorUtilities.ThrowHelperUnableToResolveService(Type type, Type requiredBy)
   at Microsoft.Extensions.DependencyInjection.ActivatorUtilities.GetService(IServiceProvider sp, Type type, Type requiredBy, Boolean hasDefaultValue, Object key)
   at lambda_method9(Closure, IServiceProvider, Object[])
   at Microsoft.AspNetCore.Mvc.Controllers.ControllerFactoryProvider.<>c__DisplayClass6_0.<CreateControllerFactory>g__CreateController|0(ControllerContext controllerContext)
   at Microsoft.AspNetCore.Mvc.Infrastructure.ControllerActionInvoker.Next(State& next, Scope& scope, Object& state, Boolean& isCompleted)
   at Microsoft.AspNetCore.Mvc.Infrastructure.ControllerActionInvoker.InvokeInnerFilterAsync()
--- End of stack trace from previous location ---
   at Microsoft.AspNetCore.Mvc.Infrastructure.ResourceInvoker.<InvokeFilterPipelineAsync>g__Awaited|20_0(ResourceInvoker invoker, Task lastTask, State next, Scope scope, Object state, Boolean isCompleted)
   at Microsoft.AspNetCore.Mvc.Infrastructure.ResourceInvoker.<InvokeAsync>g__Logged|17_1(ResourceInvoker invoker)
   at Microsoft.AspNetCore.Mvc.Infrastructure.ResourceInvoker.<InvokeAsync>g__Logged|17_1(ResourceInvoker invoker)
   at Swashbuckle.AspNetCore.SwaggerUI.SwaggerUIMiddleware.Invoke(HttpContext httpContext)
   at Swashbuckle.AspNetCore.Swagger.SwaggerMiddleware.Invoke(HttpContext httpContext, ISwaggerProvider swaggerProvider)
   at Microsoft.AspNetCore.Authorization.AuthorizationMiddleware.Invoke(HttpContext context)
   at Microsoft.AspNetCore.Authentication.AuthenticationMiddleware.Invoke(HttpContext context)
   at Serilog.AspNetCore.RequestLoggingMiddleware.Invoke(HttpContext httpContext)
2025-11-03 11:51:38 [ERR] [Microsoft.AspNetCore.Diagnostics.DeveloperExceptionPageMiddleware] An unhandled exception has occurred while executing the request.
System.InvalidOperationException: Unable to resolve service for type 'TrueCodeApp.User.Domain.Services.IAuthService' while attempting to activate 'TrueCodeApp.User.Web.Controllers.UserController'.
   at Microsoft.Extensions.DependencyInjection.ActivatorUtilities.ThrowHelperUnableToResolveService(Type type, Type requiredBy)
   at Microsoft.Extensions.DependencyInjection.ActivatorUtilities.GetService(IServiceProvider sp, Type type, Type requiredBy, Boolean hasDefaultValue, Object key)
   at lambda_method9(Closure, IServiceProvider, Object[])
   at Microsoft.AspNetCore.Mvc.Controllers.ControllerFactoryProvider.<>c__DisplayClass6_0.<CreateControllerFactory>g__CreateController|0(ControllerContext controllerContext)
   at Microsoft.AspNetCore.Mvc.Infrastructure.ControllerActionInvoker.Next(State& next, Scope& scope, Object& state, Boolean& isCompleted)
   at Microsoft.AspNetCore.Mvc.Infrastructure.ControllerActionInvoker.InvokeInnerFilterAsync()
--- End of stack trace from previous location ---
   at Microsoft.AspNetCore.Mvc.Infrastructure.ResourceInvoker.<InvokeFilterPipelineAsync>g__Awaited|20_0(ResourceInvoker invoker, Task lastTask, State next, Scope scope, Object state, Boolean isCompleted)
   at Microsoft.AspNetCore.Mvc.Infrastructure.ResourceInvoker.<InvokeAsync>g__Logged|17_1(ResourceInvoker invoker)
   at Microsoft.AspNetCore.Mvc.Infrastructure.ResourceInvoker.<InvokeAsync>g__Logged|17_1(ResourceInvoker invoker)
   at Swashbuckle.AspNetCore.SwaggerUI.SwaggerUIMiddleware.Invoke(HttpContext httpContext)
   at Swashbuckle.AspNetCore.Swagger.SwaggerMiddleware.Invoke(HttpContext httpContext, ISwaggerProvider swaggerProvider)
   at Microsoft.AspNetCore.Authorization.AuthorizationMiddleware.Invoke(HttpContext context)
   at Microsoft.AspNetCore.Authentication.AuthenticationMiddleware.Invoke(HttpContext context)
   at Serilog.AspNetCore.RequestLoggingMiddleware.Invoke(HttpContext httpContext)
   at Microsoft.AspNetCore.Diagnostics.DeveloperExceptionPageMiddlewareImpl.Invoke(HttpContext context)
2025-11-03 11:53:44 [DBG] [Microsoft.Extensions.Hosting.Internal.Host] Hosting starting
2025-11-03 11:53:44 [INF] [Microsoft.Hosting.Lifetime] Now listening on: "http://localhost:5180"
2025-11-03 11:53:44 [INF] [Microsoft.Hosting.Lifetime] Application started. Press Ctrl+C to shut down.
2025-11-03 11:53:44 [INF] [Microsoft.Hosting.Lifetime] Hosting environment: "Development"
2025-11-03 11:53:44 [INF] [Microsoft.Hosting.Lifetime] Content root path: "C:\Users\User\Downloads\TrueCode\TrueCode\TrueCodeApp\TrueCodeApp.User.Startup"
2025-11-03 11:53:44 [DBG] [Microsoft.Extensions.Hosting.Internal.Host] Hosting started
2025-11-03 11:53:45 [INF] [Serilog.AspNetCore.RequestLoggingMiddleware] HTTP "GET" "/swagger/index.html" responded 200 in 280.9586 ms
2025-11-03 11:53:45 [INF] [Serilog.AspNetCore.RequestLoggingMiddleware] HTTP "GET" "/swagger/index.js" responded 200 in 20.7976 ms
2025-11-03 11:53:45 [INF] [Serilog.AspNetCore.RequestLoggingMiddleware] HTTP "GET" "/swagger/v1/swagger.json" responded 200 in 133.3073 ms
2025-11-03 11:53:49 [DBG] [Microsoft.EntityFrameworkCore.Infrastructure] An 'IServiceProvider' was created for internal use by Entity Framework.
2025-11-03 11:54:03 [ERR] [Serilog.AspNetCore.RequestLoggingMiddleware] HTTP "POST" "/api/User/register" responded 500 in 13997.4663 ms
System.InvalidOperationException: The entity type 'UserCurrency' requires a primary key to be defined. If you intended to use a keyless entity type, call 'HasNoKey' in 'OnModelCreating'. For more information on keyless entity types, see https://go.microsoft.com/fwlink/?linkid=2141943.
   at Microsoft.EntityFrameworkCore.Infrastructure.ModelValidator.ValidateNonNullPrimaryKeys(IModel model, IDiagnosticsLogger`1 logger)
   at Microsoft.EntityFrameworkCore.Infrastructure.ModelValidator.Validate(IModel model, IDiagnosticsLogger`1 logger)
   at Microsoft.EntityFrameworkCore.Infrastructure.RelationalModelValidator.Validate(IModel model, IDiagnosticsLogger`1 logger)
   at Npgsql.EntityFrameworkCore.PostgreSQL.Infrastructure.Internal.NpgsqlModelValidator.Validate(IModel model, IDiagnosticsLogger`1 logger)
   at Microsoft.EntityFrameworkCore.Infrastructure.ModelRuntimeInitializer.Initialize(IModel model, Boolean designTime, IDiagnosticsLogger`1 validationLogger)
   at Microsoft.EntityFrameworkCore.Infrastructure.ModelSource.GetModel(DbContext context, ModelCreationDependencies modelCreationDependencies, Boolean designTime)
   at Microsoft.EntityFrameworkCore.Internal.DbContextServices.CreateModel(Boolean designTime)
   at Microsoft.EntityFrameworkCore.Internal.DbContextServices.get_Model()
   at Microsoft.EntityFrameworkCore.Infrastructure.EntityFrameworkServicesBuilder.<>c.<TryAddCoreServices>b__8_4(IServiceProvider p)
   at Microsoft.Extensions.DependencyInjection.ServiceLookup.CallSiteVisitor`2.VisitCallSiteMain(ServiceCallSite callSite, TArgument argument)
   at Microsoft.Extensions.DependencyInjection.ServiceLookup.CallSiteRuntimeResolver.VisitCache(ServiceCallSite callSite, RuntimeResolverContext context, ServiceProviderEngineScope serviceProviderEngine, RuntimeResolverLock lockType)
   at Microsoft.Extensions.DependencyInjection.ServiceLookup.CallSiteRuntimeResolver.VisitScopeCache(ServiceCallSite callSite, RuntimeResolverContext context)
   at Microsoft.Extensions.DependencyInjection.ServiceLookup.CallSiteVisitor`2.VisitCallSite(ServiceCallSite callSite, TArgument argument)
   at Microsoft.Extensions.DependencyInjection.ServiceLookup.CallSiteRuntimeResolver.VisitConstructor(ConstructorCallSite constructorCallSite, RuntimeResolverContext context)
   at Microsoft.Extensions.DependencyInjection.ServiceLookup.CallSiteVisitor`2.VisitCallSiteMain(ServiceCallSite callSite, TArgument argument)
   at Microsoft.Extensions.DependencyInjection.ServiceLookup.CallSiteRuntimeResolver.VisitCache(ServiceCallSite callSite, RuntimeResolverContext context, ServiceProviderEngineScope serviceProviderEngine, RuntimeResolverLock lockType)
   at Microsoft.Extensions.DependencyInjection.ServiceLookup.CallSiteRuntimeResolver.VisitScopeCache(ServiceCallSite callSite, RuntimeResolverContext context)
   at Microsoft.Extensions.DependencyInjection.ServiceLookup.CallSiteVisitor`2.VisitCallSite(ServiceCallSite callSite, TArgument argument)
   at Microsoft.Extensions.DependencyInjection.ServiceLookup.CallSiteRuntimeResolver.VisitConstructor(ConstructorCallSite constructorCallSite, RuntimeResolverContext context)
   at Microsoft.Extensions.DependencyInjection.ServiceLookup.CallSiteVisitor`2.VisitCallSiteMain(ServiceCallSite callSite, TArgument argument)
   at Microsoft.Extensions.DependencyInjection.ServiceLookup.CallSiteRuntimeResolver.VisitCache(ServiceCallSite callSite, RuntimeResolverContext context, ServiceProviderEngineScope serviceProviderEngine, RuntimeResolverLock lockType)
   at Microsoft.Extensions.DependencyInjection.ServiceLookup.CallSiteRuntimeResolver.VisitScopeCache(ServiceCallSite callSite, RuntimeResolverContext context)
   at Microsoft.Extensions.DependencyInjection.ServiceLookup.CallSiteVisitor`2.VisitCallSite(ServiceCallSite callSite, TArgument argument)
   at Microsoft.Extensions.DependencyInjection.ServiceLookup.CallSiteRuntimeResolver.VisitConstructor(ConstructorCallSite constructorCallSite, RuntimeResolverContext context)
   at Microsoft.Extensions.DependencyInjection.ServiceLookup.CallSiteVisitor`2.VisitCallSiteMain(ServiceCallSite callSite, TArgument argument)
   at Microsoft.Extensions.DependencyInjection.ServiceLookup.CallSiteRuntimeResolver.VisitCache(ServiceCallSite callSite, RuntimeResolverContext context, ServiceProviderEngineScope serviceProviderEngine, RuntimeResolverLock lockType)
   at Microsoft.Extensions.DependencyInjection.ServiceLookup.CallSiteRuntimeResolver.VisitScopeCache(ServiceCallSite callSite, RuntimeResolverContext context)
   at Microsoft.Extensions.DependencyInjection.ServiceLookup.CallSiteVisitor`2.VisitCallSite(ServiceCallSite callSite, TArgument argument)
   at Microsoft.Extensions.DependencyInjection.ServiceLookup.CallSiteRuntimeResolver.VisitConstructor(ConstructorCallSite constructorCallSite, RuntimeResolverContext context)
   at Microsoft.Extensions.DependencyInjection.ServiceLookup.CallSiteVisitor`2.VisitCallSiteMain(ServiceCallSite callSite, TArgument argument)
   at Microsoft.Extensions.DependencyInjection.ServiceLookup.CallSiteRuntimeResolver.VisitCache(ServiceCallSite callSite, RuntimeResolverContext context, ServiceProviderEngineScope serviceProviderEngine, RuntimeResolverLock lockType)
   at Microsoft.Extensions.DependencyInjection.ServiceLookup.CallSiteRuntimeResolver.VisitScopeCache(ServiceCallSite callSite, RuntimeResolverContext context)
   at Microsoft.Extensions.DependencyInjection.ServiceLookup.CallSiteVisitor`2.VisitCallSite(ServiceCallSite callSite, TArgument argument)
   at Microsoft.Extensions.DependencyInjection.ServiceLookup.CallSiteRuntimeResolver.VisitConstructor(ConstructorCallSite constructorCallSite, RuntimeResolverContext context)
   at Microsoft.Extensions.DependencyInjection.ServiceLookup.CallSiteVisitor`2.VisitCallSiteMain(ServiceCallSite callSite, TArgument argument)
   at Microsoft.Extensions.DependencyInjection.ServiceLookup.CallSiteRuntimeResolver.VisitCache(ServiceCallSite callSite, RuntimeResolverContext context, ServiceProviderEngineScope serviceProviderEngine, RuntimeResolverLock lockType)
   at Microsoft.Extensions.DependencyInjection.ServiceLookup.CallSiteRuntimeResolver.VisitScopeCache(ServiceCallSite callSite, RuntimeResolverContext context)
   at Microsoft.Extensions.DependencyInjection.ServiceLookup.CallSiteVisitor`2.VisitCallSite(ServiceCallSite callSite, TArgument argument)
   at Microsoft.Extensions.DependencyInjection.ServiceLookup.CallSiteRuntimeResolver.Resolve(ServiceCallSite callSite, ServiceProviderEngineScope scope)
   at Microsoft.Extensions.DependencyInjection.ServiceLookup.DynamicServiceProviderEngine.<>c__DisplayClass2_0.<RealizeService>b__0(ServiceProviderEngineScope scope)
   at Microsoft.Extensions.DependencyInjection.ServiceProvider.GetService(ServiceIdentifier serviceIdentifier, ServiceProviderEngineScope serviceProviderEngineScope)
   at Microsoft.Extensions.DependencyInjection.ServiceLookup.ServiceProviderEngineScope.GetService(Type serviceType)
   at Microsoft.Extensions.DependencyInjection.ServiceProviderServiceExtensions.GetRequiredService(IServiceProvider provider, Type serviceType)
   at Microsoft.Extensions.DependencyInjection.ServiceProviderServiceExtensions.GetRequiredService[T](IServiceProvider provider)
   at Microsoft.EntityFrameworkCore.DbContext.get_DbContextDependencies()
   at Microsoft.EntityFrameworkCore.DbContext.get_ContextServices()
   at Microsoft.EntityFrameworkCore.DbContext.get_InternalServiceProvider()
   at Microsoft.EntityFrameworkCore.DbContext.get_DbContextDependencies()
   at Microsoft.EntityFrameworkCore.DbContext.Set[TEntity]()
   at TrueCodeApp.Core.Infrastructure.Persistence.ApplicationDbContext.get_Users() in C:\Users\User\Downloads\TrueCode\TrueCode\TrueCodeApp\TrueCodeApp.Core.Infrastructure\Persistence\ApplicationDbContext.cs:line 8
   at TrueCodeApp.User.Infrastructure.Repositories.UserRepository.GetUserByLogin(String login, CancellationToken ct) in C:\Users\User\Downloads\TrueCode\TrueCode\TrueCodeApp\TrueCodeApp.User.Infrastructure\Repositories\UserRepository.cs:line 18
   at TrueCodeApp.User.Infrastructure.Services.AuthService.RegisterAsync(String login, String password, CancellationToken ct) in C:\Users\User\Downloads\TrueCode\TrueCode\TrueCodeApp\TrueCodeApp.User.Infrastructure\Services\AuthService.cs:line 15
   at TrueCodeApp.User.Web.Controllers.UserController.Register(RegisterRequest request, CancellationToken ct) in C:\Users\User\Downloads\TrueCode\TrueCode\TrueCodeApp\TrueCodeApp.User.Web\Controllers\UserController.cs:line 16
   at Microsoft.AspNetCore.Mvc.Infrastructure.ActionMethodExecutor.TaskOfIActionResultExecutor.Execute(ActionContext actionContext, IActionResultTypeMapper mapper, ObjectMethodExecutor executor, Object controller, Object[] arguments)
   at Microsoft.AspNetCore.Mvc.Infrastructure.ControllerActionInvoker.<InvokeActionMethodAsync>g__Logged|12_1(ControllerActionInvoker invoker)
   at Microsoft.AspNetCore.Mvc.Infrastructure.ControllerActionInvoker.<InvokeNextActionFilterAsync>g__Awaited|10_0(ControllerActionInvoker invoker, Task lastTask, State next, Scope scope, Object state, Boolean isCompleted)
   at Microsoft.AspNetCore.Mvc.Infrastructure.ControllerActionInvoker.Rethrow(ActionExecutedContextSealed context)
   at Microsoft.AspNetCore.Mvc.Infrastructure.ControllerActionInvoker.Next(State& next, Scope& scope, Object& state, Boolean& isCompleted)
   at Microsoft.AspNetCore.Mvc.Infrastructure.ControllerActionInvoker.InvokeInnerFilterAsync()
--- End of stack trace from previous location ---
   at Microsoft.AspNetCore.Mvc.Infrastructure.ResourceInvoker.<InvokeFilterPipelineAsync>g__Awaited|20_0(ResourceInvoker invoker, Task lastTask, State next, Scope scope, Object state, Boolean isCompleted)
   at Microsoft.AspNetCore.Mvc.Infrastructure.ResourceInvoker.<InvokeAsync>g__Logged|17_1(ResourceInvoker invoker)
   at Microsoft.AspNetCore.Mvc.Infrastructure.ResourceInvoker.<InvokeAsync>g__Logged|17_1(ResourceInvoker invoker)
   at Swashbuckle.AspNetCore.SwaggerUI.SwaggerUIMiddleware.Invoke(HttpContext httpContext)
   at Swashbuckle.AspNetCore.Swagger.SwaggerMiddleware.Invoke(HttpContext httpContext, ISwaggerProvider swaggerProvider)
   at Microsoft.AspNetCore.Authorization.AuthorizationMiddleware.Invoke(HttpContext context)
   at Microsoft.AspNetCore.Authentication.AuthenticationMiddleware.Invoke(HttpContext context)
   at Serilog.AspNetCore.RequestLoggingMiddleware.Invoke(HttpContext httpContext)
2025-11-03 11:54:03 [ERR] [Microsoft.AspNetCore.Diagnostics.DeveloperExceptionPageMiddleware] An unhandled exception has occurred while executing the request.
System.InvalidOperationException: The entity type 'UserCurrency' requires a primary key to be defined. If you intended to use a keyless entity type, call 'HasNoKey' in 'OnModelCreating'. For more information on keyless entity types, see https://go.microsoft.com/fwlink/?linkid=2141943.
   at Microsoft.EntityFrameworkCore.Infrastructure.ModelValidator.ValidateNonNullPrimaryKeys(IModel model, IDiagnosticsLogger`1 logger)
   at Microsoft.EntityFrameworkCore.Infrastructure.ModelValidator.Validate(IModel model, IDiagnosticsLogger`1 logger)
   at Microsoft.EntityFrameworkCore.Infrastructure.RelationalModelValidator.Validate(IModel model, IDiagnosticsLogger`1 logger)
   at Npgsql.EntityFrameworkCore.PostgreSQL.Infrastructure.Internal.NpgsqlModelValidator.Validate(IModel model, IDiagnosticsLogger`1 logger)
   at Microsoft.EntityFrameworkCore.Infrastructure.ModelRuntimeInitializer.Initialize(IModel model, Boolean designTime, IDiagnosticsLogger`1 validationLogger)
   at Microsoft.EntityFrameworkCore.Infrastructure.ModelSource.GetModel(DbContext context, ModelCreationDependencies modelCreationDependencies, Boolean designTime)
   at Microsoft.EntityFrameworkCore.Internal.DbContextServices.CreateModel(Boolean designTime)
   at Microsoft.EntityFrameworkCore.Internal.DbContextServices.get_Model()
   at Microsoft.EntityFrameworkCore.Infrastructure.EntityFrameworkServicesBuilder.<>c.<TryAddCoreServices>b__8_4(IServiceProvider p)
   at Microsoft.Extensions.DependencyInjection.ServiceLookup.CallSiteVisitor`2.VisitCallSiteMain(ServiceCallSite callSite, TArgument argument)
   at Microsoft.Extensions.DependencyInjection.ServiceLookup.CallSiteRuntimeResolver.VisitCache(ServiceCallSite callSite, RuntimeResolverContext context, ServiceProviderEngineScope serviceProviderEngine, RuntimeResolverLock lockType)
   at Microsoft.Extensions.DependencyInjection.ServiceLookup.CallSiteRuntimeResolver.VisitScopeCache(ServiceCallSite callSite, RuntimeResolverContext context)
   at Microsoft.Extensions.DependencyInjection.ServiceLookup.CallSiteVisitor`2.VisitCallSite(ServiceCallSite callSite, TArgument argument)
   at Microsoft.Extensions.DependencyInjection.ServiceLookup.CallSiteRuntimeResolver.VisitConstructor(ConstructorCallSite constructorCallSite, RuntimeResolverContext context)
   at Microsoft.Extensions.DependencyInjection.ServiceLookup.CallSiteVisitor`2.VisitCallSiteMain(ServiceCallSite callSite, TArgument argument)
   at Microsoft.Extensions.DependencyInjection.ServiceLookup.CallSiteRuntimeResolver.VisitCache(ServiceCallSite callSite, RuntimeResolverContext context, ServiceProviderEngineScope serviceProviderEngine, RuntimeResolverLock lockType)
   at Microsoft.Extensions.DependencyInjection.ServiceLookup.CallSiteRuntimeResolver.VisitScopeCache(ServiceCallSite callSite, RuntimeResolverContext context)
   at Microsoft.Extensions.DependencyInjection.ServiceLookup.CallSiteVisitor`2.VisitCallSite(ServiceCallSite callSite, TArgument argument)
   at Microsoft.Extensions.DependencyInjection.ServiceLookup.CallSiteRuntimeResolver.VisitConstructor(ConstructorCallSite constructorCallSite, RuntimeResolverContext context)
   at Microsoft.Extensions.DependencyInjection.ServiceLookup.CallSiteVisitor`2.VisitCallSiteMain(ServiceCallSite callSite, TArgument argument)
   at Microsoft.Extensions.DependencyInjection.ServiceLookup.CallSiteRuntimeResolver.VisitCache(ServiceCallSite callSite, RuntimeResolverContext context, ServiceProviderEngineScope serviceProviderEngine, RuntimeResolverLock lockType)
   at Microsoft.Extensions.DependencyInjection.ServiceLookup.CallSiteRuntimeResolver.VisitScopeCache(ServiceCallSite callSite, RuntimeResolverContext context)
   at Microsoft.Extensions.DependencyInjection.ServiceLookup.CallSiteVisitor`2.VisitCallSite(ServiceCallSite callSite, TArgument argument)
   at Microsoft.Extensions.DependencyInjection.ServiceLookup.CallSiteRuntimeResolver.VisitConstructor(ConstructorCallSite constructorCallSite, RuntimeResolverContext context)
   at Microsoft.Extensions.DependencyInjection.ServiceLookup.CallSiteVisitor`2.VisitCallSiteMain(ServiceCallSite callSite, TArgument argument)
   at Microsoft.Extensions.DependencyInjection.ServiceLookup.CallSiteRuntimeResolver.VisitCache(ServiceCallSite callSite, RuntimeResolverContext context, ServiceProviderEngineScope serviceProviderEngine, RuntimeResolverLock lockType)
   at Microsoft.Extensions.DependencyInjection.ServiceLookup.CallSiteRuntimeResolver.VisitScopeCache(ServiceCallSite callSite, RuntimeResolverContext context)
   at Microsoft.Extensions.DependencyInjection.ServiceLookup.CallSiteVisitor`2.VisitCallSite(ServiceCallSite callSite, TArgument argument)
   at Microsoft.Extensions.DependencyInjection.ServiceLookup.CallSiteRuntimeResolver.VisitConstructor(ConstructorCallSite constructorCallSite, RuntimeResolverContext context)
   at Microsoft.Extensions.DependencyInjection.ServiceLookup.CallSiteVisitor`2.VisitCallSiteMain(ServiceCallSite callSite, TArgument argument)
   at Microsoft.Extensions.DependencyInjection.ServiceLookup.CallSiteRuntimeResolver.VisitCache(ServiceCallSite callSite, RuntimeResolverContext context, ServiceProviderEngineScope serviceProviderEngine, RuntimeResolverLock lockType)
   at Microsoft.Extensions.DependencyInjection.ServiceLookup.CallSiteRuntimeResolver.VisitScopeCache(ServiceCallSite callSite, RuntimeResolverContext context)
   at Microsoft.Extensions.DependencyInjection.ServiceLookup.CallSiteVisitor`2.VisitCallSite(ServiceCallSite callSite, TArgument argument)
   at Microsoft.Extensions.DependencyInjection.ServiceLookup.CallSiteRuntimeResolver.VisitConstructor(ConstructorCallSite constructorCallSite, RuntimeResolverContext context)
   at Microsoft.Extensions.DependencyInjection.ServiceLookup.CallSiteVisitor`2.VisitCallSiteMain(ServiceCallSite callSite, TArgument argument)
   at Microsoft.Extensions.DependencyInjection.ServiceLookup.CallSiteRuntimeResolver.VisitCache(ServiceCallSite callSite, RuntimeResolverContext context, ServiceProviderEngineScope serviceProviderEngine, RuntimeResolverLock lockType)
   at Microsoft.Extensions.DependencyInjection.ServiceLookup.CallSiteRuntimeResolver.VisitScopeCache(ServiceCallSite callSite, RuntimeResolverContext context)
   at Microsoft.Extensions.DependencyInjection.ServiceLookup.CallSiteVisitor`2.VisitCallSite(ServiceCallSite callSite, TArgument argument)
   at Microsoft.Extensions.DependencyInjection.ServiceLookup.CallSiteRuntimeResolver.Resolve(ServiceCallSite callSite, ServiceProviderEngineScope scope)
   at Microsoft.Extensions.DependencyInjection.ServiceLookup.DynamicServiceProviderEngine.<>c__DisplayClass2_0.<RealizeService>b__0(ServiceProviderEngineScope scope)
   at Microsoft.Extensions.DependencyInjection.ServiceProvider.GetService(ServiceIdentifier serviceIdentifier, ServiceProviderEngineScope serviceProviderEngineScope)
   at Microsoft.Extensions.DependencyInjection.ServiceLookup.ServiceProviderEngineScope.GetService(Type serviceType)
   at Microsoft.Extensions.DependencyInjection.ServiceProviderServiceExtensions.GetRequiredService(IServiceProvider provider, Type serviceType)
   at Microsoft.Extensions.DependencyInjection.ServiceProviderServiceExtensions.GetRequiredService[T](IServiceProvider provider)
   at Microsoft.EntityFrameworkCore.DbContext.get_DbContextDependencies()
   at Microsoft.EntityFrameworkCore.DbContext.get_ContextServices()
   at Microsoft.EntityFrameworkCore.DbContext.get_InternalServiceProvider()
   at Microsoft.EntityFrameworkCore.DbContext.get_DbContextDependencies()
   at Microsoft.EntityFrameworkCore.DbContext.Set[TEntity]()
   at TrueCodeApp.Core.Infrastructure.Persistence.ApplicationDbContext.get_Users() in C:\Users\User\Downloads\TrueCode\TrueCode\TrueCodeApp\TrueCodeApp.Core.Infrastructure\Persistence\ApplicationDbContext.cs:line 8
   at TrueCodeApp.User.Infrastructure.Repositories.UserRepository.GetUserByLogin(String login, CancellationToken ct) in C:\Users\User\Downloads\TrueCode\TrueCode\TrueCodeApp\TrueCodeApp.User.Infrastructure\Repositories\UserRepository.cs:line 18
   at TrueCodeApp.User.Infrastructure.Services.AuthService.RegisterAsync(String login, String password, CancellationToken ct) in C:\Users\User\Downloads\TrueCode\TrueCode\TrueCodeApp\TrueCodeApp.User.Infrastructure\Services\AuthService.cs:line 15
   at TrueCodeApp.User.Web.Controllers.UserController.Register(RegisterRequest request, CancellationToken ct) in C:\Users\User\Downloads\TrueCode\TrueCode\TrueCodeApp\TrueCodeApp.User.Web\Controllers\UserController.cs:line 16
   at Microsoft.AspNetCore.Mvc.Infrastructure.ActionMethodExecutor.TaskOfIActionResultExecutor.Execute(ActionContext actionContext, IActionResultTypeMapper mapper, ObjectMethodExecutor executor, Object controller, Object[] arguments)
   at Microsoft.AspNetCore.Mvc.Infrastructure.ControllerActionInvoker.<InvokeActionMethodAsync>g__Logged|12_1(ControllerActionInvoker invoker)
   at Microsoft.AspNetCore.Mvc.Infrastructure.ControllerActionInvoker.<InvokeNextActionFilterAsync>g__Awaited|10_0(ControllerActionInvoker invoker, Task lastTask, State next, Scope scope, Object state, Boolean isCompleted)
   at Microsoft.AspNetCore.Mvc.Infrastructure.ControllerActionInvoker.Rethrow(ActionExecutedContextSealed context)
   at Microsoft.AspNetCore.Mvc.Infrastructure.ControllerActionInvoker.Next(State& next, Scope& scope, Object& state, Boolean& isCompleted)
   at Microsoft.AspNetCore.Mvc.Infrastructure.ControllerActionInvoker.InvokeInnerFilterAsync()
--- End of stack trace from previous location ---
   at Microsoft.AspNetCore.Mvc.Infrastructure.ResourceInvoker.<InvokeFilterPipelineAsync>g__Awaited|20_0(ResourceInvoker invoker, Task lastTask, State next, Scope scope, Object state, Boolean isCompleted)
   at Microsoft.AspNetCore.Mvc.Infrastructure.ResourceInvoker.<InvokeAsync>g__Logged|17_1(ResourceInvoker invoker)
   at Microsoft.AspNetCore.Mvc.Infrastructure.ResourceInvoker.<InvokeAsync>g__Logged|17_1(ResourceInvoker invoker)
   at Swashbuckle.AspNetCore.SwaggerUI.SwaggerUIMiddleware.Invoke(HttpContext httpContext)
   at Swashbuckle.AspNetCore.Swagger.SwaggerMiddleware.Invoke(HttpContext httpContext, ISwaggerProvider swaggerProvider)
   at Microsoft.AspNetCore.Authorization.AuthorizationMiddleware.Invoke(HttpContext context)
   at Microsoft.AspNetCore.Authentication.AuthenticationMiddleware.Invoke(HttpContext context)
   at Serilog.AspNetCore.RequestLoggingMiddleware.Invoke(HttpContext httpContext)
   at Microsoft.AspNetCore.Diagnostics.DeveloperExceptionPageMiddlewareImpl.Invoke(HttpContext context)
2025-11-03 11:56:50 [DBG] [Microsoft.Extensions.Hosting.Internal.Host] Hosting starting
2025-11-03 11:56:51 [INF] [Microsoft.Hosting.Lifetime] Now listening on: "http://localhost:5180"
2025-11-03 11:56:51 [INF] [Microsoft.Hosting.Lifetime] Application started. Press Ctrl+C to shut down.
2025-11-03 11:56:51 [INF] [Microsoft.Hosting.Lifetime] Hosting environment: "Development"
2025-11-03 11:56:51 [INF] [Microsoft.Hosting.Lifetime] Content root path: "C:\Users\User\Downloads\TrueCode\TrueCode\TrueCodeApp\TrueCodeApp.User.Startup"
2025-11-03 11:56:51 [DBG] [Microsoft.Extensions.Hosting.Internal.Host] Hosting started
2025-11-03 11:56:51 [INF] [Serilog.AspNetCore.RequestLoggingMiddleware] HTTP "GET" "/swagger/index.html" responded 200 in 288.7149 ms
2025-11-03 11:56:51 [INF] [Serilog.AspNetCore.RequestLoggingMiddleware] HTTP "GET" "/swagger/index.js" responded 200 in 21.3720 ms
2025-11-03 11:56:52 [INF] [Serilog.AspNetCore.RequestLoggingMiddleware] HTTP "GET" "/swagger/v1/swagger.json" responded 200 in 134.4865 ms
2025-11-03 11:56:56 [DBG] [Microsoft.EntityFrameworkCore.Infrastructure] An 'IServiceProvider' was created for internal use by Entity Framework.
2025-11-03 11:57:06 [DBG] [Microsoft.EntityFrameworkCore.Model] The index "{'UserId'}" was not created on entity type '"UserCurrency"' as the properties are already covered by the index "{'UserId', 'CurrencyId'}".
2025-11-03 11:57:07 [DBG] [Microsoft.EntityFrameworkCore.Infrastructure] Entity Framework Core "8.0.7" initialized '"ApplicationDbContext"' using provider '"Npgsql.EntityFrameworkCore.PostgreSQL":"8.0.4+51faf6e9c9c7ef99c3e98d98a96adb8fa8ae4553"' with options: "None"
2025-11-03 11:57:07 [DBG] [Microsoft.EntityFrameworkCore.Query] Compiling query expression: "
"'"DbSet<User>()
    .FirstOrDefault(x => x.Login == __login_0)"'
2025-11-03 11:57:07 [DBG] [Microsoft.EntityFrameworkCore.Query] Generated query execution expression: "
"'"queryContext => ShapedQueryCompilingExpressionVisitor.SingleOrDefaultAsync<User>(
    asyncEnumerable: new SingleQueryingEnumerable<User>(
        (RelationalQueryContext)queryContext, 
        RelationalCommandCache.QueryExpression(
            Projection Mapping:
                EmptyProjectionMember -> Dictionary<IProperty, int> { [Property: User.Id (long) Required PK AfterSave:Throw ValueGenerated.OnAdd, 0], [Property: User.Login (string) Required Index MaxLength(20), 1], [Property: User.Password (string) Required MaxLength(20), 2] }
            SELECT TOP(1) u.Id, u.Login, u.Password
            FROM public.users AS u
            WHERE u.Login == @__login_0), 
        null, 
        Func<QueryContext, DbDataReader, ResultContext, SingleQueryResultCoordinator, User>, 
        TrueCodeApp.Core.Infrastructure.Persistence.ApplicationDbContext, 
        False, 
        False, 
        True
    ), 
    cancellationToken: queryContext.CancellationToken)"'
2025-11-03 11:57:07 [DBG] [Microsoft.EntityFrameworkCore.Database.Connection] Creating DbConnection.
2025-11-03 11:57:07 [DBG] [Microsoft.EntityFrameworkCore.Database.Connection] Created DbConnection. (6ms).
2025-11-03 11:57:07 [DBG] [Microsoft.EntityFrameworkCore.Database.Connection] Opening connection to database '"true_code"' on server '"tcp://127.0.0.1:25432"'.
2025-11-03 11:57:08 [DBG] [Microsoft.EntityFrameworkCore.Database.Connection] Opened connection to database '"true_code"' on server '"tcp://127.0.0.1:25432"'.
2025-11-03 11:57:08 [DBG] [Microsoft.EntityFrameworkCore.Database.Connection] Closing connection to database '"true_code"' on server '"tcp://127.0.0.1:25432"'.
2025-11-03 11:57:08 [DBG] [Microsoft.EntityFrameworkCore.Database.Connection] Closed connection to database '"true_code"' on server '"tcp://127.0.0.1:25432"' (13ms).
2025-11-03 11:57:32 [DBG] [Microsoft.EntityFrameworkCore.ChangeTracking] '"ApplicationDbContext"' generated a temporary value for the property '"User"."Id"'. Consider using 'DbContextOptionsBuilder.EnableSensitiveDataLogging' to see key values.
2025-11-03 11:57:32 [DBG] [Microsoft.EntityFrameworkCore.ChangeTracking] Context '"ApplicationDbContext"' started tracking '"User"' entity. Consider using 'DbContextOptionsBuilder.EnableSensitiveDataLogging' to see key values.
2025-11-03 11:57:33 [DBG] [Microsoft.EntityFrameworkCore.Update] SaveChanges starting for '"ApplicationDbContext"'.
2025-11-03 11:57:33 [DBG] [Microsoft.EntityFrameworkCore.ChangeTracking] DetectChanges starting for '"ApplicationDbContext"'.
2025-11-03 11:57:33 [DBG] [Microsoft.EntityFrameworkCore.ChangeTracking] DetectChanges completed for '"ApplicationDbContext"'.
2025-11-03 11:57:33 [DBG] [Microsoft.EntityFrameworkCore.Database.Connection] Opening connection to database '"true_code"' on server '"tcp://127.0.0.1:25432"'.
2025-11-03 11:57:33 [DBG] [Microsoft.EntityFrameworkCore.Database.Connection] Opened connection to database '"true_code"' on server '"tcp://127.0.0.1:25432"'.
2025-11-03 11:57:33 [DBG] [Microsoft.EntityFrameworkCore.Database.Connection] Closing connection to database '"true_code"' on server '"tcp://127.0.0.1:25432"'.
2025-11-03 11:57:33 [DBG] [Microsoft.EntityFrameworkCore.Database.Connection] Closed connection to database '"true_code"' on server '"tcp://127.0.0.1:25432"' (2ms).
2025-11-03 11:57:33 [ERR] [Microsoft.EntityFrameworkCore.Update] An exception occurred in the database while saving changes for context type '"TrueCodeApp.Core.Infrastructure.Persistence.ApplicationDbContext"'."
""Microsoft.EntityFrameworkCore.DbUpdateException: An error occurred while saving the entity changes. See the inner exception for details.
 ---> Npgsql.PostgresException (0x80004005): 22001: value too long for type character varying(20)
   at Npgsql.Internal.NpgsqlConnector.ReadMessageLong(Boolean async, DataRowLoadingMode dataRowLoadingMode, Boolean readingNotifications, Boolean isReadingPrependedMessage)
   at System.Runtime.CompilerServices.PoolingAsyncValueTaskMethodBuilder`1.StateMachineBox`1.System.Threading.Tasks.Sources.IValueTaskSource<TResult>.GetResult(Int16 token)
   at Npgsql.NpgsqlDataReader.NextResult(Boolean async, Boolean isConsuming, CancellationToken cancellationToken)
   at Npgsql.NpgsqlDataReader.NextResult(Boolean async, Boolean isConsuming, CancellationToken cancellationToken)
   at Npgsql.NpgsqlCommand.ExecuteReader(Boolean async, CommandBehavior behavior, CancellationToken cancellationToken)
   at Npgsql.NpgsqlCommand.ExecuteReader(Boolean async, CommandBehavior behavior, CancellationToken cancellationToken)
   at Npgsql.NpgsqlCommand.ExecuteDbDataReaderAsync(CommandBehavior behavior, CancellationToken cancellationToken)
   at Microsoft.EntityFrameworkCore.Storage.RelationalCommand.ExecuteReaderAsync(RelationalCommandParameterObject parameterObject, CancellationToken cancellationToken)
   at Microsoft.EntityFrameworkCore.Storage.RelationalCommand.ExecuteReaderAsync(RelationalCommandParameterObject parameterObject, CancellationToken cancellationToken)
   at Microsoft.EntityFrameworkCore.Update.ReaderModificationCommandBatch.ExecuteAsync(IRelationalConnection connection, CancellationToken cancellationToken)
  Exception data:
    Severity: ERROR
    SqlState: 22001
    MessageText: value too long for type character varying(20)
    File: varchar.c
    Line: 638
    Routine: varchar
   --- End of inner exception stack trace ---
   at Microsoft.EntityFrameworkCore.Update.ReaderModificationCommandBatch.ExecuteAsync(IRelationalConnection connection, CancellationToken cancellationToken)
   at Microsoft.EntityFrameworkCore.Update.Internal.BatchExecutor.ExecuteAsync(IEnumerable`1 commandBatches, IRelationalConnection connection, CancellationToken cancellationToken)
   at Microsoft.EntityFrameworkCore.Update.Internal.BatchExecutor.ExecuteAsync(IEnumerable`1 commandBatches, IRelationalConnection connection, CancellationToken cancellationToken)
   at Microsoft.EntityFrameworkCore.Update.Internal.BatchExecutor.ExecuteAsync(IEnumerable`1 commandBatches, IRelationalConnection connection, CancellationToken cancellationToken)
   at Microsoft.EntityFrameworkCore.ChangeTracking.Internal.StateManager.SaveChangesAsync(IList`1 entriesToSave, CancellationToken cancellationToken)
   at Microsoft.EntityFrameworkCore.ChangeTracking.Internal.StateManager.SaveChangesAsync(StateManager stateManager, Boolean acceptAllChangesOnSuccess, CancellationToken cancellationToken)
   at Npgsql.EntityFrameworkCore.PostgreSQL.Storage.Internal.NpgsqlExecutionStrategy.ExecuteAsync[TState,TResult](TState state, Func`4 operation, Func`4 verifySucceeded, CancellationToken cancellationToken)
   at Microsoft.EntityFrameworkCore.DbContext.SaveChangesAsync(Boolean acceptAllChangesOnSuccess, CancellationToken cancellationToken)"
Microsoft.EntityFrameworkCore.DbUpdateException: An error occurred while saving the entity changes. See the inner exception for details.
 ---> Npgsql.PostgresException (0x80004005): 22001: value too long for type character varying(20)
   at Npgsql.Internal.NpgsqlConnector.ReadMessageLong(Boolean async, DataRowLoadingMode dataRowLoadingMode, Boolean readingNotifications, Boolean isReadingPrependedMessage)
   at System.Runtime.CompilerServices.PoolingAsyncValueTaskMethodBuilder`1.StateMachineBox`1.System.Threading.Tasks.Sources.IValueTaskSource<TResult>.GetResult(Int16 token)
   at Npgsql.NpgsqlDataReader.NextResult(Boolean async, Boolean isConsuming, CancellationToken cancellationToken)
   at Npgsql.NpgsqlDataReader.NextResult(Boolean async, Boolean isConsuming, CancellationToken cancellationToken)
   at Npgsql.NpgsqlCommand.ExecuteReader(Boolean async, CommandBehavior behavior, CancellationToken cancellationToken)
   at Npgsql.NpgsqlCommand.ExecuteReader(Boolean async, CommandBehavior behavior, CancellationToken cancellationToken)
   at Npgsql.NpgsqlCommand.ExecuteDbDataReaderAsync(CommandBehavior behavior, CancellationToken cancellationToken)
   at Microsoft.EntityFrameworkCore.Storage.RelationalCommand.ExecuteReaderAsync(RelationalCommandParameterObject parameterObject, CancellationToken cancellationToken)
   at Microsoft.EntityFrameworkCore.Storage.RelationalCommand.ExecuteReaderAsync(RelationalCommandParameterObject parameterObject, CancellationToken cancellationToken)
   at Microsoft.EntityFrameworkCore.Update.ReaderModificationCommandBatch.ExecuteAsync(IRelationalConnection connection, CancellationToken cancellationToken)
  Exception data:
    Severity: ERROR
    SqlState: 22001
    MessageText: value too long for type character varying(20)
    File: varchar.c
    Line: 638
    Routine: varchar
   --- End of inner exception stack trace ---
   at Microsoft.EntityFrameworkCore.Update.ReaderModificationCommandBatch.ExecuteAsync(IRelationalConnection connection, CancellationToken cancellationToken)
   at Microsoft.EntityFrameworkCore.Update.Internal.BatchExecutor.ExecuteAsync(IEnumerable`1 commandBatches, IRelationalConnection connection, CancellationToken cancellationToken)
   at Microsoft.EntityFrameworkCore.Update.Internal.BatchExecutor.ExecuteAsync(IEnumerable`1 commandBatches, IRelationalConnection connection, CancellationToken cancellationToken)
   at Microsoft.EntityFrameworkCore.Update.Internal.BatchExecutor.ExecuteAsync(IEnumerable`1 commandBatches, IRelationalConnection connection, CancellationToken cancellationToken)
   at Microsoft.EntityFrameworkCore.ChangeTracking.Internal.StateManager.SaveChangesAsync(IList`1 entriesToSave, CancellationToken cancellationToken)
   at Microsoft.EntityFrameworkCore.ChangeTracking.Internal.StateManager.SaveChangesAsync(StateManager stateManager, Boolean acceptAllChangesOnSuccess, CancellationToken cancellationToken)
   at Npgsql.EntityFrameworkCore.PostgreSQL.Storage.Internal.NpgsqlExecutionStrategy.ExecuteAsync[TState,TResult](TState state, Func`4 operation, Func`4 verifySucceeded, CancellationToken cancellationToken)
   at Microsoft.EntityFrameworkCore.DbContext.SaveChangesAsync(Boolean acceptAllChangesOnSuccess, CancellationToken cancellationToken)
2025-11-03 11:58:51 [DBG] [Microsoft.Extensions.Hosting.Internal.Host] Hosting starting
2025-11-03 11:58:51 [INF] [Microsoft.Hosting.Lifetime] Now listening on: "http://localhost:5180"
2025-11-03 11:58:51 [INF] [Microsoft.Hosting.Lifetime] Application started. Press Ctrl+C to shut down.
2025-11-03 11:58:51 [INF] [Microsoft.Hosting.Lifetime] Hosting environment: "Development"
2025-11-03 11:58:51 [INF] [Microsoft.Hosting.Lifetime] Content root path: "C:\Users\User\Downloads\TrueCode\TrueCode\TrueCodeApp\TrueCodeApp.User.Startup"
2025-11-03 11:58:51 [DBG] [Microsoft.Extensions.Hosting.Internal.Host] Hosting started
2025-11-03 11:58:52 [INF] [Serilog.AspNetCore.RequestLoggingMiddleware] HTTP "GET" "/swagger/index.html" responded 200 in 287.3038 ms
2025-11-03 11:58:52 [INF] [Serilog.AspNetCore.RequestLoggingMiddleware] HTTP "GET" "/swagger/index.js" responded 200 in 20.0400 ms
2025-11-03 11:58:52 [INF] [Serilog.AspNetCore.RequestLoggingMiddleware] HTTP "GET" "/swagger/v1/swagger.json" responded 200 in 150.4587 ms
2025-11-03 11:59:14 [DBG] [Microsoft.EntityFrameworkCore.Infrastructure] An 'IServiceProvider' was created for internal use by Entity Framework.
2025-11-03 11:59:21 [DBG] [Microsoft.EntityFrameworkCore.Model] The index "{'UserId'}" was not created on entity type '"UserCurrency"' as the properties are already covered by the index "{'UserId', 'CurrencyId'}".
2025-11-03 11:59:21 [DBG] [Microsoft.EntityFrameworkCore.Infrastructure] Entity Framework Core "8.0.7" initialized '"ApplicationDbContext"' using provider '"Npgsql.EntityFrameworkCore.PostgreSQL":"8.0.4+51faf6e9c9c7ef99c3e98d98a96adb8fa8ae4553"' with options: "None"
2025-11-03 11:59:21 [DBG] [Microsoft.EntityFrameworkCore.Query] Compiling query expression: "
"'"DbSet<User>()
    .FirstOrDefault(x => x.Login == __login_0)"'
2025-11-03 11:59:21 [DBG] [Microsoft.EntityFrameworkCore.Query] Generated query execution expression: "
"'"queryContext => ShapedQueryCompilingExpressionVisitor.SingleOrDefaultAsync<User>(
    asyncEnumerable: new SingleQueryingEnumerable<User>(
        (RelationalQueryContext)queryContext, 
        RelationalCommandCache.QueryExpression(
            Projection Mapping:
                EmptyProjectionMember -> Dictionary<IProperty, int> { [Property: User.Id (long) Required PK AfterSave:Throw ValueGenerated.OnAdd, 0], [Property: User.Login (string) Required Index MaxLength(20), 1], [Property: User.Password (string) Required, 2] }
            SELECT TOP(1) u.Id, u.Login, u.Password
            FROM public.users AS u
            WHERE u.Login == @__login_0), 
        null, 
        Func<QueryContext, DbDataReader, ResultContext, SingleQueryResultCoordinator, User>, 
        TrueCodeApp.Core.Infrastructure.Persistence.ApplicationDbContext, 
        False, 
        False, 
        True
    ), 
    cancellationToken: queryContext.CancellationToken)"'
2025-11-03 11:59:22 [DBG] [Microsoft.EntityFrameworkCore.Database.Connection] Creating DbConnection.
2025-11-03 11:59:22 [DBG] [Microsoft.EntityFrameworkCore.Database.Connection] Created DbConnection. (5ms).
2025-11-03 11:59:22 [DBG] [Microsoft.EntityFrameworkCore.Database.Connection] Opening connection to database '"true_code"' on server '"tcp://127.0.0.1:25432"'.
2025-11-03 11:59:22 [DBG] [Microsoft.EntityFrameworkCore.Database.Connection] Opened connection to database '"true_code"' on server '"tcp://127.0.0.1:25432"'.
2025-11-03 11:59:22 [DBG] [Microsoft.EntityFrameworkCore.Database.Connection] Closing connection to database '"true_code"' on server '"tcp://127.0.0.1:25432"'.
2025-11-03 11:59:22 [DBG] [Microsoft.EntityFrameworkCore.Database.Connection] Closed connection to database '"true_code"' on server '"tcp://127.0.0.1:25432"' (8ms).
2025-11-03 11:59:32 [DBG] [Microsoft.EntityFrameworkCore.ChangeTracking] '"ApplicationDbContext"' generated a temporary value for the property '"User"."Id"'. Consider using 'DbContextOptionsBuilder.EnableSensitiveDataLogging' to see key values.
2025-11-03 11:59:32 [DBG] [Microsoft.EntityFrameworkCore.ChangeTracking] Context '"ApplicationDbContext"' started tracking '"User"' entity. Consider using 'DbContextOptionsBuilder.EnableSensitiveDataLogging' to see key values.
2025-11-03 11:59:32 [DBG] [Microsoft.EntityFrameworkCore.Update] SaveChanges starting for '"ApplicationDbContext"'.
2025-11-03 11:59:32 [DBG] [Microsoft.EntityFrameworkCore.ChangeTracking] DetectChanges starting for '"ApplicationDbContext"'.
2025-11-03 11:59:32 [DBG] [Microsoft.EntityFrameworkCore.ChangeTracking] DetectChanges completed for '"ApplicationDbContext"'.
2025-11-03 11:59:32 [DBG] [Microsoft.EntityFrameworkCore.Database.Connection] Opening connection to database '"true_code"' on server '"tcp://127.0.0.1:25432"'.
2025-11-03 11:59:32 [DBG] [Microsoft.EntityFrameworkCore.Database.Connection] Opened connection to database '"true_code"' on server '"tcp://127.0.0.1:25432"'.
2025-11-03 11:59:33 [DBG] [Microsoft.EntityFrameworkCore.ChangeTracking] The foreign key property '"User"."Id"' was detected as changed. Consider using 'DbContextOptionsBuilder.EnableSensitiveDataLogging' to see property values.
2025-11-03 11:59:33 [DBG] [Microsoft.EntityFrameworkCore.Database.Connection] Closing connection to database '"true_code"' on server '"tcp://127.0.0.1:25432"'.
2025-11-03 11:59:33 [DBG] [Microsoft.EntityFrameworkCore.Database.Connection] Closed connection to database '"true_code"' on server '"tcp://127.0.0.1:25432"' (2ms).
2025-11-03 11:59:33 [DBG] [Microsoft.EntityFrameworkCore.ChangeTracking] An entity of type '"User"' tracked by '"ApplicationDbContext"' changed state from 'Added' to 'Unchanged'. Consider using 'DbContextOptionsBuilder.EnableSensitiveDataLogging' to see key values.
2025-11-03 11:59:33 [DBG] [Microsoft.EntityFrameworkCore.Update] SaveChanges completed for '"ApplicationDbContext"' with 1 entities written to the database.
2025-11-03 11:59:37 [INF] [Serilog.AspNetCore.RequestLoggingMiddleware] HTTP "POST" "/api/User/register" responded 200 in 22607.1081 ms
2025-11-03 11:59:37 [DBG] [Microsoft.EntityFrameworkCore.Infrastructure] '"ApplicationDbContext"' disposed.
2025-11-03 11:59:37 [DBG] [Microsoft.EntityFrameworkCore.Database.Connection] Disposing connection to database '"true_code"' on server '"tcp://127.0.0.1:25432"'.
2025-11-03 11:59:37 [DBG] [Microsoft.EntityFrameworkCore.Database.Connection] Disposed connection to database '"true_code"' on server '"tcp://127.0.0.1:25432"' (4ms).
2025-11-03 12:00:14 [DBG] [Microsoft.EntityFrameworkCore.Infrastructure] Entity Framework Core "8.0.7" initialized '"ApplicationDbContext"' using provider '"Npgsql.EntityFrameworkCore.PostgreSQL":"8.0.4+51faf6e9c9c7ef99c3e98d98a96adb8fa8ae4553"' with options: "None"
2025-11-03 12:00:14 [DBG] [Microsoft.EntityFrameworkCore.Database.Connection] Creating DbConnection.
2025-11-03 12:00:14 [DBG] [Microsoft.EntityFrameworkCore.Database.Connection] Created DbConnection. (1ms).
2025-11-03 12:00:14 [DBG] [Microsoft.EntityFrameworkCore.Database.Connection] Opening connection to database '"true_code"' on server '"tcp://127.0.0.1:25432"'.
2025-11-03 12:00:14 [DBG] [Microsoft.EntityFrameworkCore.Database.Connection] Opened connection to database '"true_code"' on server '"tcp://127.0.0.1:25432"'.
2025-11-03 12:00:14 [DBG] [Microsoft.EntityFrameworkCore.ChangeTracking] Context '"ApplicationDbContext"' started tracking '"User"' entity. Consider using 'DbContextOptionsBuilder.EnableSensitiveDataLogging' to see key values.
2025-11-03 12:00:14 [DBG] [Microsoft.EntityFrameworkCore.Database.Connection] Closing connection to database '"true_code"' on server '"tcp://127.0.0.1:25432"'.
2025-11-03 12:00:14 [DBG] [Microsoft.EntityFrameworkCore.Database.Connection] Closed connection to database '"true_code"' on server '"tcp://127.0.0.1:25432"' (1ms).
2025-11-03 12:02:22 [DBG] [Microsoft.Extensions.Hosting.Internal.Host] Hosting starting
2025-11-03 12:02:23 [INF] [Microsoft.Hosting.Lifetime] Now listening on: "http://localhost:5180"
2025-11-03 12:02:23 [INF] [Microsoft.Hosting.Lifetime] Application started. Press Ctrl+C to shut down.
2025-11-03 12:02:23 [INF] [Microsoft.Hosting.Lifetime] Hosting environment: "Development"
2025-11-03 12:02:23 [INF] [Microsoft.Hosting.Lifetime] Content root path: "C:\Users\User\Downloads\TrueCode\TrueCode\TrueCodeApp\TrueCodeApp.User.Startup"
2025-11-03 12:02:23 [DBG] [Microsoft.Extensions.Hosting.Internal.Host] Hosting started
2025-11-03 12:02:23 [INF] [Serilog.AspNetCore.RequestLoggingMiddleware] HTTP "GET" "/swagger/index.html" responded 200 in 275.0902 ms
2025-11-03 12:02:23 [INF] [Serilog.AspNetCore.RequestLoggingMiddleware] HTTP "GET" "/swagger/index.js" responded 200 in 20.6761 ms
2025-11-03 12:02:24 [INF] [Serilog.AspNetCore.RequestLoggingMiddleware] HTTP "GET" "/swagger/v1/swagger.json" responded 200 in 145.8196 ms
2025-11-03 12:02:27 [DBG] [Microsoft.EntityFrameworkCore.Infrastructure] An 'IServiceProvider' was created for internal use by Entity Framework.
2025-11-03 12:02:33 [DBG] [Microsoft.EntityFrameworkCore.Model] The index "{'UserId'}" was not created on entity type '"UserCurrency"' as the properties are already covered by the index "{'UserId', 'CurrencyId'}".
2025-11-03 12:02:33 [DBG] [Microsoft.EntityFrameworkCore.Infrastructure] Entity Framework Core "8.0.7" initialized '"ApplicationDbContext"' using provider '"Npgsql.EntityFrameworkCore.PostgreSQL":"8.0.4+51faf6e9c9c7ef99c3e98d98a96adb8fa8ae4553"' with options: "None"
2025-11-03 12:02:33 [DBG] [Microsoft.EntityFrameworkCore.Query] Compiling query expression: "
"'"DbSet<User>()
    .FirstOrDefault(x => x.Login == __login_0)"'
2025-11-03 12:02:33 [DBG] [Microsoft.EntityFrameworkCore.Query] Generated query execution expression: "
"'"queryContext => ShapedQueryCompilingExpressionVisitor.SingleOrDefaultAsync<User>(
    asyncEnumerable: new SingleQueryingEnumerable<User>(
        (RelationalQueryContext)queryContext, 
        RelationalCommandCache.QueryExpression(
            Projection Mapping:
                EmptyProjectionMember -> Dictionary<IProperty, int> { [Property: User.Id (long) Required PK AfterSave:Throw ValueGenerated.OnAdd, 0], [Property: User.Login (string) Required Index MaxLength(20), 1], [Property: User.Password (string) Required, 2] }
            SELECT TOP(1) u.Id, u.Login, u.Password
            FROM public.users AS u
            WHERE u.Login == @__login_0), 
        null, 
        Func<QueryContext, DbDataReader, ResultContext, SingleQueryResultCoordinator, User>, 
        TrueCodeApp.Core.Infrastructure.Persistence.ApplicationDbContext, 
        False, 
        False, 
        True
    ), 
    cancellationToken: queryContext.CancellationToken)"'
2025-11-03 12:02:34 [DBG] [Microsoft.EntityFrameworkCore.Database.Connection] Creating DbConnection.
2025-11-03 12:02:34 [DBG] [Microsoft.EntityFrameworkCore.Database.Connection] Created DbConnection. (6ms).
2025-11-03 12:02:34 [DBG] [Microsoft.EntityFrameworkCore.Database.Connection] Opening connection to database '"true_code"' on server '"tcp://127.0.0.1:25432"'.
2025-11-03 12:02:34 [DBG] [Microsoft.EntityFrameworkCore.Database.Connection] Opened connection to database '"true_code"' on server '"tcp://127.0.0.1:25432"'.
2025-11-03 12:02:34 [DBG] [Microsoft.EntityFrameworkCore.ChangeTracking] Context '"ApplicationDbContext"' started tracking '"User"' entity. Consider using 'DbContextOptionsBuilder.EnableSensitiveDataLogging' to see key values.
2025-11-03 12:02:34 [DBG] [Microsoft.EntityFrameworkCore.Database.Connection] Closing connection to database '"true_code"' on server '"tcp://127.0.0.1:25432"'.
2025-11-03 12:02:34 [DBG] [Microsoft.EntityFrameworkCore.Database.Connection] Closed connection to database '"true_code"' on server '"tcp://127.0.0.1:25432"' (9ms).
2025-11-03 12:02:55 [INF] [Serilog.AspNetCore.RequestLoggingMiddleware] HTTP "POST" "/api/User/login" responded 200 in 28976.3120 ms
2025-11-03 12:02:55 [DBG] [Microsoft.EntityFrameworkCore.Infrastructure] '"ApplicationDbContext"' disposed.
2025-11-03 12:02:55 [DBG] [Microsoft.EntityFrameworkCore.Database.Connection] Disposing connection to database '"true_code"' on server '"tcp://127.0.0.1:25432"'.
2025-11-03 12:02:55 [DBG] [Microsoft.EntityFrameworkCore.Database.Connection] Disposed connection to database '"true_code"' on server '"tcp://127.0.0.1:25432"' (5ms).
2025-11-03 12:05:49 [DBG] [Microsoft.Extensions.Hosting.Internal.Host] Hosting starting
2025-11-03 12:05:49 [INF] [Microsoft.Hosting.Lifetime] Now listening on: "http://localhost:5180"
2025-11-03 12:05:49 [INF] [Microsoft.Hosting.Lifetime] Application started. Press Ctrl+C to shut down.
2025-11-03 12:05:49 [INF] [Microsoft.Hosting.Lifetime] Hosting environment: "Development"
2025-11-03 12:05:49 [INF] [Microsoft.Hosting.Lifetime] Content root path: "C:\Users\User\Downloads\TrueCode\TrueCode\TrueCodeApp\TrueCodeApp.User.Startup"
2025-11-03 12:05:49 [DBG] [Microsoft.Extensions.Hosting.Internal.Host] Hosting started
2025-11-03 12:05:49 [INF] [Serilog.AspNetCore.RequestLoggingMiddleware] HTTP "GET" "/swagger/index.html" responded 200 in 280.2051 ms
2025-11-03 12:05:50 [INF] [Serilog.AspNetCore.RequestLoggingMiddleware] HTTP "GET" "/swagger/index.js" responded 200 in 16.7864 ms
2025-11-03 12:05:50 [INF] [Serilog.AspNetCore.RequestLoggingMiddleware] HTTP "GET" "/swagger/v1/swagger.json" responded 200 in 125.6044 ms
2025-11-03 12:40:25 [DBG] [Microsoft.Extensions.Hosting.Internal.Host] Hosting starting
2025-11-03 12:40:25 [INF] [Microsoft.Hosting.Lifetime] Now listening on: "http://localhost:5180"
2025-11-03 12:40:25 [INF] [Microsoft.Hosting.Lifetime] Application started. Press Ctrl+C to shut down.
2025-11-03 12:40:25 [INF] [Microsoft.Hosting.Lifetime] Hosting environment: "Development"
2025-11-03 12:40:25 [INF] [Microsoft.Hosting.Lifetime] Content root path: "C:\Users\User\Downloads\TrueCode\TrueCode\TrueCodeApp\TrueCodeApp.User.Startup"
2025-11-03 12:40:25 [DBG] [Microsoft.Extensions.Hosting.Internal.Host] Hosting started
2025-11-03 12:40:25 [INF] [Serilog.AspNetCore.RequestLoggingMiddleware] HTTP "GET" "/swagger/index.html" responded 200 in 170.0100 ms
2025-11-03 12:40:25 [INF] [Serilog.AspNetCore.RequestLoggingMiddleware] HTTP "GET" "/swagger/index.js" responded 200 in 6.3406 ms
2025-11-03 12:40:26 [INF] [Serilog.AspNetCore.RequestLoggingMiddleware] HTTP "GET" "/swagger/v1/swagger.json" responded 200 in 105.9992 ms
2025-11-03 12:40:34 [DBG] [Microsoft.EntityFrameworkCore.Infrastructure] An 'IServiceProvider' was created for internal use by Entity Framework.
2025-11-03 12:40:34 [DBG] [Microsoft.EntityFrameworkCore.Model] The index "{'UserId'}" was not created on entity type '"UserCurrency"' as the properties are already covered by the index "{'UserId', 'CurrencyId'}".
2025-11-03 12:40:35 [DBG] [Microsoft.EntityFrameworkCore.Infrastructure] Entity Framework Core "8.0.7" initialized '"ApplicationDbContext"' using provider '"Npgsql.EntityFrameworkCore.PostgreSQL":"8.0.4+51faf6e9c9c7ef99c3e98d98a96adb8fa8ae4553"' with options: "None"
2025-11-03 12:40:35 [DBG] [Microsoft.EntityFrameworkCore.Query] Compiling query expression: "
"'"DbSet<User>()
    .FirstOrDefault(x => x.Login == __login_0)"'
2025-11-03 12:40:35 [DBG] [Microsoft.EntityFrameworkCore.Query] Generated query execution expression: "
"'"queryContext => ShapedQueryCompilingExpressionVisitor.SingleOrDefaultAsync<User>(
    asyncEnumerable: new SingleQueryingEnumerable<User>(
        (RelationalQueryContext)queryContext, 
        RelationalCommandCache.QueryExpression(
            Projection Mapping:
                EmptyProjectionMember -> Dictionary<IProperty, int> { [Property: User.Id (long) Required PK AfterSave:Throw ValueGenerated.OnAdd, 0], [Property: User.Login (string) Required Index MaxLength(20), 1], [Property: User.Password (string) Required, 2] }
            SELECT TOP(1) u.Id, u.Login, u.Password
            FROM public.users AS u
            WHERE u.Login == @__login_0), 
        null, 
        Func<QueryContext, DbDataReader, ResultContext, SingleQueryResultCoordinator, User>, 
        TrueCodeApp.Core.Infrastructure.Persistence.ApplicationDbContext, 
        False, 
        False, 
        True
    ), 
    cancellationToken: queryContext.CancellationToken)"'
2025-11-03 12:40:35 [DBG] [Microsoft.EntityFrameworkCore.Database.Connection] Creating DbConnection.
2025-11-03 12:40:35 [DBG] [Microsoft.EntityFrameworkCore.Database.Connection] Created DbConnection. (5ms).
2025-11-03 12:40:35 [DBG] [Microsoft.EntityFrameworkCore.Database.Connection] Opening connection to database '"true_code"' on server '"tcp://127.0.0.1:25432"'.
2025-11-03 12:40:35 [DBG] [Microsoft.EntityFrameworkCore.Database.Connection] Opened connection to database '"true_code"' on server '"tcp://127.0.0.1:25432"'.
2025-11-03 12:40:36 [DBG] [Microsoft.EntityFrameworkCore.ChangeTracking] Context '"ApplicationDbContext"' started tracking '"User"' entity. Consider using 'DbContextOptionsBuilder.EnableSensitiveDataLogging' to see key values.
2025-11-03 12:40:36 [DBG] [Microsoft.EntityFrameworkCore.Database.Connection] Closing connection to database '"true_code"' on server '"tcp://127.0.0.1:25432"'.
2025-11-03 12:40:36 [DBG] [Microsoft.EntityFrameworkCore.Database.Connection] Closed connection to database '"true_code"' on server '"tcp://127.0.0.1:25432"' (11ms).
2025-11-03 12:40:36 [INF] [Serilog.AspNetCore.RequestLoggingMiddleware] HTTP "POST" "/api/User/login" responded 200 in 1988.9703 ms
2025-11-03 12:40:36 [DBG] [Microsoft.EntityFrameworkCore.Infrastructure] '"ApplicationDbContext"' disposed.
2025-11-03 12:40:36 [DBG] [Microsoft.EntityFrameworkCore.Database.Connection] Disposing connection to database '"true_code"' on server '"tcp://127.0.0.1:25432"'.
2025-11-03 12:40:36 [DBG] [Microsoft.EntityFrameworkCore.Database.Connection] Disposed connection to database '"true_code"' on server '"tcp://127.0.0.1:25432"' (4ms).
2025-11-03 12:41:12 [INF] [Serilog.AspNetCore.RequestLoggingMiddleware] HTTP "GET" "/" responded 404 in 1.7840 ms
2025-11-03 12:41:25 [INF] [Microsoft.Hosting.Lifetime] Application is shutting down...
2025-11-03 12:41:25 [DBG] [Microsoft.Extensions.Hosting.Internal.Host] Hosting stopping
2025-11-03 12:41:25 [DBG] [Microsoft.Extensions.Hosting.Internal.Host] Hosting stopped
2025-11-03 12:41:28 [DBG] [Microsoft.Extensions.Hosting.Internal.Host] Hosting starting
2025-11-03 12:41:28 [INF] [Microsoft.Hosting.Lifetime] Now listening on: "http://localhost:5180"
2025-11-03 12:41:28 [INF] [Microsoft.Hosting.Lifetime] Application started. Press Ctrl+C to shut down.
2025-11-03 12:41:28 [INF] [Microsoft.Hosting.Lifetime] Hosting environment: "Development"
2025-11-03 12:41:28 [INF] [Microsoft.Hosting.Lifetime] Content root path: "C:\Users\User\Downloads\TrueCode\TrueCode\TrueCodeApp\TrueCodeApp.User.Startup"
2025-11-03 12:41:28 [DBG] [Microsoft.Extensions.Hosting.Internal.Host] Hosting started
2025-11-03 12:41:29 [INF] [Serilog.AspNetCore.RequestLoggingMiddleware] HTTP "GET" "/swagger/index.html" responded 200 in 218.0253 ms
2025-11-03 12:41:29 [INF] [Serilog.AspNetCore.RequestLoggingMiddleware] HTTP "GET" "/swagger/index.js" responded 200 in 8.5921 ms
2025-11-03 12:41:29 [INF] [Serilog.AspNetCore.RequestLoggingMiddleware] HTTP "GET" "/swagger/v1/swagger.json" responded 200 in 124.0765 ms
2025-11-03 12:41:44 [DBG] [Microsoft.EntityFrameworkCore.Infrastructure] An 'IServiceProvider' was created for internal use by Entity Framework.
2025-11-03 12:41:45 [DBG] [Microsoft.EntityFrameworkCore.Model] The index "{'UserId'}" was not created on entity type '"UserCurrency"' as the properties are already covered by the index "{'UserId', 'CurrencyId'}".
2025-11-03 12:41:45 [DBG] [Microsoft.EntityFrameworkCore.Infrastructure] Entity Framework Core "8.0.7" initialized '"ApplicationDbContext"' using provider '"Npgsql.EntityFrameworkCore.PostgreSQL":"8.0.4+51faf6e9c9c7ef99c3e98d98a96adb8fa8ae4553"' with options: "None"
2025-11-03 12:41:45 [DBG] [Microsoft.EntityFrameworkCore.Query] Compiling query expression: "
"'"DbSet<User>()
    .FirstOrDefault(x => x.Login == __login_0)"'
2025-11-03 12:41:45 [DBG] [Microsoft.EntityFrameworkCore.Query] Generated query execution expression: "
"'"queryContext => ShapedQueryCompilingExpressionVisitor.SingleOrDefaultAsync<User>(
    asyncEnumerable: new SingleQueryingEnumerable<User>(
        (RelationalQueryContext)queryContext, 
        RelationalCommandCache.QueryExpression(
            Projection Mapping:
                EmptyProjectionMember -> Dictionary<IProperty, int> { [Property: User.Id (long) Required PK AfterSave:Throw ValueGenerated.OnAdd, 0], [Property: User.Login (string) Required Index MaxLength(20), 1], [Property: User.Password (string) Required, 2] }
            SELECT TOP(1) u.Id, u.Login, u.Password
            FROM public.users AS u
            WHERE u.Login == @__login_0), 
        null, 
        Func<QueryContext, DbDataReader, ResultContext, SingleQueryResultCoordinator, User>, 
        TrueCodeApp.Core.Infrastructure.Persistence.ApplicationDbContext, 
        False, 
        False, 
        True
    ), 
    cancellationToken: queryContext.CancellationToken)"'
2025-11-03 12:41:45 [DBG] [Microsoft.EntityFrameworkCore.Database.Connection] Creating DbConnection.
2025-11-03 12:41:45 [DBG] [Microsoft.EntityFrameworkCore.Database.Connection] Created DbConnection. (4ms).
2025-11-03 12:41:45 [DBG] [Microsoft.EntityFrameworkCore.Database.Connection] Opening connection to database '"true_code"' on server '"tcp://127.0.0.1:25432"'.
2025-11-03 12:41:45 [DBG] [Microsoft.EntityFrameworkCore.Database.Connection] Opened connection to database '"true_code"' on server '"tcp://127.0.0.1:25432"'.
2025-11-03 12:41:46 [DBG] [Microsoft.EntityFrameworkCore.ChangeTracking] Context '"ApplicationDbContext"' started tracking '"User"' entity. Consider using 'DbContextOptionsBuilder.EnableSensitiveDataLogging' to see key values.
2025-11-03 12:41:46 [DBG] [Microsoft.EntityFrameworkCore.Database.Connection] Closing connection to database '"true_code"' on server '"tcp://127.0.0.1:25432"'.
2025-11-03 12:41:46 [DBG] [Microsoft.EntityFrameworkCore.Database.Connection] Closed connection to database '"true_code"' on server '"tcp://127.0.0.1:25432"' (9ms).
2025-11-03 12:41:46 [INF] [Serilog.AspNetCore.RequestLoggingMiddleware] HTTP "POST" "/api/User/login" responded 200 in 1618.1864 ms
2025-11-03 12:41:46 [DBG] [Microsoft.EntityFrameworkCore.Infrastructure] '"ApplicationDbContext"' disposed.
2025-11-03 12:41:46 [DBG] [Microsoft.EntityFrameworkCore.Database.Connection] Disposing connection to database '"true_code"' on server '"tcp://127.0.0.1:25432"'.
2025-11-03 12:41:46 [DBG] [Microsoft.EntityFrameworkCore.Database.Connection] Disposed connection to database '"true_code"' on server '"tcp://127.0.0.1:25432"' (4ms).
2025-11-03 12:51:29 [INF] [Microsoft.Hosting.Lifetime] Application is shutting down...
2025-11-03 12:51:29 [DBG] [Microsoft.Extensions.Hosting.Internal.Host] Hosting stopping
2025-11-03 12:51:29 [DBG] [Microsoft.Extensions.Hosting.Internal.Host] Hosting stopped
2025-11-03 13:42:30 [DBG] [Microsoft.Extensions.Hosting.Internal.Host] Hosting starting
2025-11-03 13:42:30 [INF] [Microsoft.Hosting.Lifetime] Now listening on: "http://localhost:5180"
2025-11-03 13:42:30 [INF] [Microsoft.Hosting.Lifetime] Application started. Press Ctrl+C to shut down.
2025-11-03 13:42:30 [INF] [Microsoft.Hosting.Lifetime] Hosting environment: "Development"
2025-11-03 13:42:30 [INF] [Microsoft.Hosting.Lifetime] Content root path: "C:\Users\User\Downloads\TrueCode\TrueCode\TrueCodeApp\TrueCodeApp.User.Startup"
2025-11-03 13:42:30 [DBG] [Microsoft.Extensions.Hosting.Internal.Host] Hosting started
2025-11-03 13:42:30 [INF] [Serilog.AspNetCore.RequestLoggingMiddleware] HTTP "GET" "/swagger/index.html" responded 200 in 150.8432 ms
2025-11-03 13:42:30 [INF] [Serilog.AspNetCore.RequestLoggingMiddleware] HTTP "GET" "/swagger/index.js" responded 200 in 6.1209 ms
2025-11-03 13:42:31 [INF] [Serilog.AspNetCore.RequestLoggingMiddleware] HTTP "GET" "/swagger/v1/swagger.json" responded 200 in 108.6407 ms
2025-11-03 13:42:41 [DBG] [Microsoft.EntityFrameworkCore.Infrastructure] An 'IServiceProvider' was created for internal use by Entity Framework.
2025-11-03 13:42:41 [DBG] [Microsoft.EntityFrameworkCore.Model] The index "{'UserId'}" was not created on entity type '"UserCurrency"' as the properties are already covered by the index "{'UserId', 'CurrencyId'}".
2025-11-03 13:42:42 [DBG] [Microsoft.EntityFrameworkCore.Infrastructure] Entity Framework Core "8.0.7" initialized '"ApplicationDbContext"' using provider '"Npgsql.EntityFrameworkCore.PostgreSQL":"8.0.4+51faf6e9c9c7ef99c3e98d98a96adb8fa8ae4553"' with options: "None"
2025-11-03 13:42:42 [DBG] [Microsoft.EntityFrameworkCore.Query] Compiling query expression: "
"'"DbSet<User>()
    .FirstOrDefault(x => x.Login == __login_0)"'
2025-11-03 13:42:42 [DBG] [Microsoft.EntityFrameworkCore.Query] Generated query execution expression: "
"'"queryContext => ShapedQueryCompilingExpressionVisitor.SingleOrDefaultAsync<User>(
    asyncEnumerable: new SingleQueryingEnumerable<User>(
        (RelationalQueryContext)queryContext, 
        RelationalCommandCache.QueryExpression(
            Projection Mapping:
                EmptyProjectionMember -> Dictionary<IProperty, int> { [Property: User.Id (long) Required PK AfterSave:Throw ValueGenerated.OnAdd, 0], [Property: User.Login (string) Required Index MaxLength(20), 1], [Property: User.Password (string) Required, 2] }
            SELECT TOP(1) u.Id, u.Login, u.Password
            FROM public.users AS u
            WHERE u.Login == @__login_0), 
        null, 
        Func<QueryContext, DbDataReader, ResultContext, SingleQueryResultCoordinator, User>, 
        TrueCodeApp.Core.Infrastructure.Persistence.ApplicationDbContext, 
        False, 
        False, 
        True
    ), 
    cancellationToken: queryContext.CancellationToken)"'
2025-11-03 13:42:42 [DBG] [Microsoft.EntityFrameworkCore.Database.Connection] Creating DbConnection.
2025-11-03 13:42:42 [DBG] [Microsoft.EntityFrameworkCore.Database.Connection] Created DbConnection. (4ms).
2025-11-03 13:42:42 [DBG] [Microsoft.EntityFrameworkCore.Database.Connection] Opening connection to database '"true_code"' on server '"tcp://127.0.0.1:25432"'.
2025-11-03 13:42:43 [DBG] [Microsoft.EntityFrameworkCore.Database.Connection] Opened connection to database '"true_code"' on server '"tcp://127.0.0.1:25432"'.
2025-11-03 13:42:43 [DBG] [Microsoft.EntityFrameworkCore.ChangeTracking] Context '"ApplicationDbContext"' started tracking '"User"' entity. Consider using 'DbContextOptionsBuilder.EnableSensitiveDataLogging' to see key values.
2025-11-03 13:42:43 [DBG] [Microsoft.EntityFrameworkCore.Database.Connection] Closing connection to database '"true_code"' on server '"tcp://127.0.0.1:25432"'.
2025-11-03 13:42:43 [DBG] [Microsoft.EntityFrameworkCore.Database.Connection] Closed connection to database '"true_code"' on server '"tcp://127.0.0.1:25432"' (9ms).
2025-11-03 13:42:43 [INF] [Serilog.AspNetCore.RequestLoggingMiddleware] HTTP "POST" "/api/User/login" responded 200 in 2421.0112 ms
2025-11-03 13:42:43 [DBG] [Microsoft.EntityFrameworkCore.Infrastructure] '"ApplicationDbContext"' disposed.
2025-11-03 13:42:43 [DBG] [Microsoft.EntityFrameworkCore.Database.Connection] Disposing connection to database '"true_code"' on server '"tcp://127.0.0.1:25432"'.
2025-11-03 13:42:43 [DBG] [Microsoft.EntityFrameworkCore.Database.Connection] Disposed connection to database '"true_code"' on server '"tcp://127.0.0.1:25432"' (5ms).
2025-11-03 13:45:45 [INF] [Microsoft.Hosting.Lifetime] Application is shutting down...
2025-11-03 13:45:45 [DBG] [Microsoft.Extensions.Hosting.Internal.Host] Hosting stopping
2025-11-03 13:45:46 [DBG] [Microsoft.Extensions.Hosting.Internal.Host] Hosting stopped
2025-11-03 13:54:50 [DBG] [Microsoft.Extensions.Hosting.Internal.Host] Hosting starting
2025-11-03 13:54:50 [INF] [Microsoft.Hosting.Lifetime] Now listening on: "http://localhost:5180"
2025-11-03 13:54:50 [INF] [Microsoft.Hosting.Lifetime] Application started. Press Ctrl+C to shut down.
2025-11-03 13:54:50 [INF] [Microsoft.Hosting.Lifetime] Hosting environment: "Development"
2025-11-03 13:54:50 [INF] [Microsoft.Hosting.Lifetime] Content root path: "C:\Users\User\Downloads\TrueCode\TrueCode\TrueCodeApp\TrueCodeApp.User.Startup"
2025-11-03 13:54:50 [DBG] [Microsoft.Extensions.Hosting.Internal.Host] Hosting started
2025-11-03 13:54:50 [INF] [Serilog.AspNetCore.RequestLoggingMiddleware] HTTP "GET" "/swagger/index.html" responded 200 in 100.4719 ms
2025-11-03 13:54:50 [INF] [Serilog.AspNetCore.RequestLoggingMiddleware] HTTP "GET" "/swagger/index.js" responded 200 in 6.2230 ms
2025-11-03 13:54:51 [INF] [Serilog.AspNetCore.RequestLoggingMiddleware] HTTP "GET" "/swagger/v1/swagger.json" responded 200 in 113.9393 ms
2025-11-03 13:54:58 [DBG] [Microsoft.EntityFrameworkCore.Infrastructure] An 'IServiceProvider' was created for internal use by Entity Framework.
2025-11-03 13:54:58 [DBG] [Microsoft.EntityFrameworkCore.Model] The index "{'UserId'}" was not created on entity type '"UserCurrency"' as the properties are already covered by the index "{'UserId', 'CurrencyId'}".
2025-11-03 13:54:59 [DBG] [Microsoft.EntityFrameworkCore.Infrastructure] Entity Framework Core "8.0.7" initialized '"ApplicationDbContext"' using provider '"Npgsql.EntityFrameworkCore.PostgreSQL":"8.0.4+51faf6e9c9c7ef99c3e98d98a96adb8fa8ae4553"' with options: "None"
2025-11-03 13:54:59 [DBG] [Microsoft.EntityFrameworkCore.Query] Compiling query expression: "
"'"DbSet<User>()
    .FirstOrDefault(x => x.Login == __login_0)"'
2025-11-03 13:54:59 [DBG] [Microsoft.EntityFrameworkCore.Query] Generated query execution expression: "
"'"queryContext => ShapedQueryCompilingExpressionVisitor.SingleOrDefaultAsync<User>(
    asyncEnumerable: new SingleQueryingEnumerable<User>(
        (RelationalQueryContext)queryContext, 
        RelationalCommandCache.QueryExpression(
            Projection Mapping:
                EmptyProjectionMember -> Dictionary<IProperty, int> { [Property: User.Id (long) Required PK AfterSave:Throw ValueGenerated.OnAdd, 0], [Property: User.Login (string) Required Index MaxLength(20), 1], [Property: User.Password (string) Required, 2] }
            SELECT TOP(1) u.Id, u.Login, u.Password
            FROM public.users AS u
            WHERE u.Login == @__login_0), 
        null, 
        Func<QueryContext, DbDataReader, ResultContext, SingleQueryResultCoordinator, User>, 
        TrueCodeApp.Core.Infrastructure.Persistence.ApplicationDbContext, 
        False, 
        False, 
        True
    ), 
    cancellationToken: queryContext.CancellationToken)"'
2025-11-03 13:54:59 [DBG] [Microsoft.EntityFrameworkCore.Database.Connection] Creating DbConnection.
2025-11-03 13:54:59 [DBG] [Microsoft.EntityFrameworkCore.Database.Connection] Created DbConnection. (4ms).
2025-11-03 13:54:59 [DBG] [Microsoft.EntityFrameworkCore.Database.Connection] Opening connection to database '"true_code"' on server '"tcp://127.0.0.1:25432"'.
2025-11-03 13:54:59 [DBG] [Microsoft.EntityFrameworkCore.Database.Connection] Opened connection to database '"true_code"' on server '"tcp://127.0.0.1:25432"'.
2025-11-03 13:54:59 [DBG] [Microsoft.EntityFrameworkCore.ChangeTracking] Context '"ApplicationDbContext"' started tracking '"User"' entity. Consider using 'DbContextOptionsBuilder.EnableSensitiveDataLogging' to see key values.
2025-11-03 13:54:59 [DBG] [Microsoft.EntityFrameworkCore.Database.Connection] Closing connection to database '"true_code"' on server '"tcp://127.0.0.1:25432"'.
2025-11-03 13:54:59 [DBG] [Microsoft.EntityFrameworkCore.Database.Connection] Closed connection to database '"true_code"' on server '"tcp://127.0.0.1:25432"' (10ms).
2025-11-03 13:54:59 [INF] [Serilog.AspNetCore.RequestLoggingMiddleware] HTTP "POST" "/api/User/login" responded 200 in 1821.1412 ms
2025-11-03 13:54:59 [DBG] [Microsoft.EntityFrameworkCore.Infrastructure] '"ApplicationDbContext"' disposed.
2025-11-03 13:54:59 [DBG] [Microsoft.EntityFrameworkCore.Database.Connection] Disposing connection to database '"true_code"' on server '"tcp://127.0.0.1:25432"'.
2025-11-03 13:54:59 [DBG] [Microsoft.EntityFrameworkCore.Database.Connection] Disposed connection to database '"true_code"' on server '"tcp://127.0.0.1:25432"' (4ms).
2025-11-03 14:00:04 [INF] [Microsoft.Hosting.Lifetime] Application is shutting down...
2025-11-03 14:00:04 [DBG] [Microsoft.Extensions.Hosting.Internal.Host] Hosting stopping
2025-11-03 14:00:04 [DBG] [Microsoft.Extensions.Hosting.Internal.Host] Hosting stopped
2025-11-03 14:02:00 [DBG] [Microsoft.Extensions.Hosting.Internal.Host] Hosting starting
2025-11-03 14:02:00 [INF] [Microsoft.Hosting.Lifetime] Now listening on: "http://localhost:5180"
2025-11-03 14:02:00 [INF] [Microsoft.Hosting.Lifetime] Application started. Press Ctrl+C to shut down.
2025-11-03 14:02:00 [INF] [Microsoft.Hosting.Lifetime] Hosting environment: "Development"
2025-11-03 14:02:00 [INF] [Microsoft.Hosting.Lifetime] Content root path: "C:\Users\User\Downloads\TrueCode\TrueCode\TrueCodeApp\TrueCodeApp.User.Startup"
2025-11-03 14:02:00 [DBG] [Microsoft.Extensions.Hosting.Internal.Host] Hosting started
2025-11-03 14:02:01 [INF] [Serilog.AspNetCore.RequestLoggingMiddleware] HTTP "GET" "/swagger/index.html" responded 200 in 146.5426 ms
2025-11-03 14:02:01 [INF] [Serilog.AspNetCore.RequestLoggingMiddleware] HTTP "GET" "/swagger/index.js" responded 200 in 4.1274 ms
2025-11-03 14:02:01 [INF] [Serilog.AspNetCore.RequestLoggingMiddleware] HTTP "GET" "/swagger/v1/swagger.json" responded 200 in 138.6977 ms
2025-11-03 14:37:42 [DBG] [Microsoft.Extensions.Hosting.Internal.Host] Hosting starting
2025-11-03 14:37:42 [INF] [Microsoft.Hosting.Lifetime] Now listening on: "http://localhost:5180"
2025-11-03 14:37:42 [INF] [Microsoft.Hosting.Lifetime] Application started. Press Ctrl+C to shut down.
2025-11-03 14:37:42 [INF] [Microsoft.Hosting.Lifetime] Hosting environment: "Development"
2025-11-03 14:37:42 [INF] [Microsoft.Hosting.Lifetime] Content root path: "C:\Users\User\Downloads\TrueCode\TrueCode\TrueCodeApp\TrueCodeApp.User.Startup"
2025-11-03 14:37:42 [DBG] [Microsoft.Extensions.Hosting.Internal.Host] Hosting started
2025-11-03 14:37:43 [INF] [Serilog.AspNetCore.RequestLoggingMiddleware] HTTP "GET" "/swagger/index.html" responded 200 in 146.8878 ms
2025-11-03 14:37:43 [INF] [Serilog.AspNetCore.RequestLoggingMiddleware] HTTP "GET" "/swagger/index.js" responded 200 in 4.8827 ms
2025-11-03 14:37:43 [INF] [Serilog.AspNetCore.RequestLoggingMiddleware] HTTP "GET" "/swagger/v1/swagger.json" responded 200 in 134.6693 ms
2025-11-03 14:37:46 [DBG] [Microsoft.EntityFrameworkCore.Infrastructure] An 'IServiceProvider' was created for internal use by Entity Framework.
2025-11-03 14:37:47 [DBG] [Microsoft.EntityFrameworkCore.Model] The index "{'UserId'}" was not created on entity type '"UserCurrency"' as the properties are already covered by the index "{'UserId', 'CurrencyId'}".
2025-11-03 14:37:47 [DBG] [Microsoft.EntityFrameworkCore.Infrastructure] Entity Framework Core "8.0.7" initialized '"ApplicationDbContext"' using provider '"Npgsql.EntityFrameworkCore.PostgreSQL":"8.0.4+51faf6e9c9c7ef99c3e98d98a96adb8fa8ae4553"' with options: "None"
2025-11-03 14:37:47 [DBG] [Microsoft.EntityFrameworkCore.Query] Compiling query expression: "
"'"DbSet<User>()
    .FirstOrDefault(x => x.Login == __login_0)"'
2025-11-03 14:37:47 [DBG] [Microsoft.EntityFrameworkCore.Query] Generated query execution expression: "
"'"queryContext => ShapedQueryCompilingExpressionVisitor.SingleOrDefaultAsync<User>(
    asyncEnumerable: new SingleQueryingEnumerable<User>(
        (RelationalQueryContext)queryContext, 
        RelationalCommandCache.QueryExpression(
            Projection Mapping:
                EmptyProjectionMember -> Dictionary<IProperty, int> { [Property: User.Id (long) Required PK AfterSave:Throw ValueGenerated.OnAdd, 0], [Property: User.Login (string) Required Index MaxLength(20), 1], [Property: User.Password (string) Required, 2] }
            SELECT TOP(1) u.Id, u.Login, u.Password
            FROM public.users AS u
            WHERE u.Login == @__login_0), 
        null, 
        Func<QueryContext, DbDataReader, ResultContext, SingleQueryResultCoordinator, User>, 
        TrueCodeApp.Core.Infrastructure.Persistence.ApplicationDbContext, 
        False, 
        False, 
        True
    ), 
    cancellationToken: queryContext.CancellationToken)"'
2025-11-03 14:37:47 [DBG] [Microsoft.EntityFrameworkCore.Database.Connection] Creating DbConnection.
2025-11-03 14:37:47 [DBG] [Microsoft.EntityFrameworkCore.Database.Connection] Created DbConnection. (5ms).
2025-11-03 14:37:47 [DBG] [Microsoft.EntityFrameworkCore.Database.Connection] Opening connection to database '"true_code"' on server '"tcp://127.0.0.1:25432"'.
2025-11-03 14:37:48 [DBG] [Microsoft.EntityFrameworkCore.Database.Connection] Opened connection to database '"true_code"' on server '"tcp://127.0.0.1:25432"'.
2025-11-03 14:37:48 [DBG] [Microsoft.EntityFrameworkCore.ChangeTracking] Context '"ApplicationDbContext"' started tracking '"User"' entity. Consider using 'DbContextOptionsBuilder.EnableSensitiveDataLogging' to see key values.
2025-11-03 14:37:48 [DBG] [Microsoft.EntityFrameworkCore.Database.Connection] Closing connection to database '"true_code"' on server '"tcp://127.0.0.1:25432"'.
2025-11-03 14:37:48 [DBG] [Microsoft.EntityFrameworkCore.Database.Connection] Closed connection to database '"true_code"' on server '"tcp://127.0.0.1:25432"' (9ms).
2025-11-03 14:37:48 [INF] [Serilog.AspNetCore.RequestLoggingMiddleware] HTTP "POST" "/api/User/login" responded 200 in 1720.2386 ms
2025-11-03 14:37:48 [DBG] [Microsoft.EntityFrameworkCore.Infrastructure] '"ApplicationDbContext"' disposed.
2025-11-03 14:37:48 [DBG] [Microsoft.EntityFrameworkCore.Database.Connection] Disposing connection to database '"true_code"' on server '"tcp://127.0.0.1:25432"'.
2025-11-03 14:37:48 [DBG] [Microsoft.EntityFrameworkCore.Database.Connection] Disposed connection to database '"true_code"' on server '"tcp://127.0.0.1:25432"' (4ms).
2025-11-03 14:39:01 [INF] [Microsoft.Hosting.Lifetime] Application is shutting down...
2025-11-03 14:39:01 [DBG] [Microsoft.Extensions.Hosting.Internal.Host] Hosting stopping
2025-11-03 14:39:01 [DBG] [Microsoft.Extensions.Hosting.Internal.Host] Hosting stopped
2025-11-03 14:42:01 [DBG] [Microsoft.Extensions.Hosting.Internal.Host] Hosting starting
2025-11-03 14:42:01 [INF] [Microsoft.Hosting.Lifetime] Now listening on: "http://localhost:5180"
2025-11-03 14:42:01 [INF] [Microsoft.Hosting.Lifetime] Application started. Press Ctrl+C to shut down.
2025-11-03 14:42:01 [INF] [Microsoft.Hosting.Lifetime] Hosting environment: "Development"
2025-11-03 14:42:01 [INF] [Microsoft.Hosting.Lifetime] Content root path: "C:\Users\User\Downloads\TrueCode\TrueCode\TrueCodeApp\TrueCodeApp.User.Startup"
2025-11-03 14:42:01 [DBG] [Microsoft.Extensions.Hosting.Internal.Host] Hosting started
2025-11-03 14:42:02 [INF] [Serilog.AspNetCore.RequestLoggingMiddleware] HTTP "GET" "/swagger/index.html" responded 200 in 108.6886 ms
2025-11-03 14:42:02 [INF] [Serilog.AspNetCore.RequestLoggingMiddleware] HTTP "GET" "/swagger/index.js" responded 200 in 3.9601 ms
2025-11-03 14:42:02 [INF] [Serilog.AspNetCore.RequestLoggingMiddleware] HTTP "GET" "/swagger/v1/swagger.json" responded 200 in 103.7594 ms
2025-11-03 14:42:04 [DBG] [Microsoft.EntityFrameworkCore.Infrastructure] An 'IServiceProvider' was created for internal use by Entity Framework.
2025-11-03 14:42:05 [DBG] [Microsoft.EntityFrameworkCore.Model] The index "{'UserId'}" was not created on entity type '"UserCurrency"' as the properties are already covered by the index "{'UserId', 'CurrencyId'}".
2025-11-03 14:42:05 [DBG] [Microsoft.EntityFrameworkCore.Infrastructure] Entity Framework Core "8.0.7" initialized '"ApplicationDbContext"' using provider '"Npgsql.EntityFrameworkCore.PostgreSQL":"8.0.4+51faf6e9c9c7ef99c3e98d98a96adb8fa8ae4553"' with options: "None"
2025-11-03 14:42:05 [DBG] [Microsoft.EntityFrameworkCore.Query] Compiling query expression: "
"'"DbSet<User>()
    .FirstOrDefault(x => x.Login == __login_0)"'
2025-11-03 14:42:05 [DBG] [Microsoft.EntityFrameworkCore.Query] Generated query execution expression: "
"'"queryContext => ShapedQueryCompilingExpressionVisitor.SingleOrDefaultAsync<User>(
    asyncEnumerable: new SingleQueryingEnumerable<User>(
        (RelationalQueryContext)queryContext, 
        RelationalCommandCache.QueryExpression(
            Projection Mapping:
                EmptyProjectionMember -> Dictionary<IProperty, int> { [Property: User.Id (long) Required PK AfterSave:Throw ValueGenerated.OnAdd, 0], [Property: User.Login (string) Required Index MaxLength(20), 1], [Property: User.Password (string) Required, 2] }
            SELECT TOP(1) u.Id, u.Login, u.Password
            FROM public.users AS u
            WHERE u.Login == @__login_0), 
        null, 
        Func<QueryContext, DbDataReader, ResultContext, SingleQueryResultCoordinator, User>, 
        TrueCodeApp.Core.Infrastructure.Persistence.ApplicationDbContext, 
        False, 
        False, 
        True
    ), 
    cancellationToken: queryContext.CancellationToken)"'
2025-11-03 14:42:05 [DBG] [Microsoft.EntityFrameworkCore.Database.Connection] Creating DbConnection.
2025-11-03 14:42:05 [DBG] [Microsoft.EntityFrameworkCore.Database.Connection] Created DbConnection. (4ms).
2025-11-03 14:42:05 [DBG] [Microsoft.EntityFrameworkCore.Database.Connection] Opening connection to database '"true_code"' on server '"tcp://127.0.0.1:25432"'.
2025-11-03 14:42:06 [DBG] [Microsoft.EntityFrameworkCore.Database.Connection] Opened connection to database '"true_code"' on server '"tcp://127.0.0.1:25432"'.
2025-11-03 14:42:06 [DBG] [Microsoft.EntityFrameworkCore.ChangeTracking] Context '"ApplicationDbContext"' started tracking '"User"' entity. Consider using 'DbContextOptionsBuilder.EnableSensitiveDataLogging' to see key values.
2025-11-03 14:42:06 [DBG] [Microsoft.EntityFrameworkCore.Database.Connection] Closing connection to database '"true_code"' on server '"tcp://127.0.0.1:25432"'.
2025-11-03 14:42:06 [DBG] [Microsoft.EntityFrameworkCore.Database.Connection] Closed connection to database '"true_code"' on server '"tcp://127.0.0.1:25432"' (8ms).
2025-11-03 14:42:06 [INF] [Serilog.AspNetCore.RequestLoggingMiddleware] HTTP "POST" "/api/User/login" responded 200 in 2362.1311 ms
2025-11-03 14:42:06 [DBG] [Microsoft.EntityFrameworkCore.Infrastructure] '"ApplicationDbContext"' disposed.
2025-11-03 14:42:06 [DBG] [Microsoft.EntityFrameworkCore.Database.Connection] Disposing connection to database '"true_code"' on server '"tcp://127.0.0.1:25432"'.
2025-11-03 14:42:06 [DBG] [Microsoft.EntityFrameworkCore.Database.Connection] Disposed connection to database '"true_code"' on server '"tcp://127.0.0.1:25432"' (4ms).
2025-11-03 14:44:29 [INF] [Microsoft.Hosting.Lifetime] Application is shutting down...
2025-11-03 14:44:29 [DBG] [Microsoft.Extensions.Hosting.Internal.Host] Hosting stopping
2025-11-03 14:44:29 [DBG] [Microsoft.Extensions.Hosting.Internal.Host] Hosting stopped
2025-11-03 15:46:30 [DBG] [Microsoft.Extensions.Hosting.Internal.Host] Hosting starting
2025-11-03 15:46:30 [INF] [Microsoft.Hosting.Lifetime] Now listening on: "http://localhost:5180"
2025-11-03 15:46:30 [INF] [Microsoft.Hosting.Lifetime] Application started. Press Ctrl+C to shut down.
2025-11-03 15:46:30 [INF] [Microsoft.Hosting.Lifetime] Hosting environment: "Development"
2025-11-03 15:46:30 [INF] [Microsoft.Hosting.Lifetime] Content root path: "C:\Users\User\Downloads\TrueCode\TrueCode\TrueCodeApp\TrueCodeApp.User.Startup"
2025-11-03 15:46:30 [DBG] [Microsoft.Extensions.Hosting.Internal.Host] Hosting started
2025-11-03 15:46:31 [INF] [Serilog.AspNetCore.RequestLoggingMiddleware] HTTP "GET" "/swagger/index.html" responded 200 in 108.1794 ms
2025-11-03 15:46:31 [INF] [Serilog.AspNetCore.RequestLoggingMiddleware] HTTP "GET" "/swagger/index.js" responded 200 in 6.7282 ms
2025-11-03 15:46:31 [INF] [Serilog.AspNetCore.RequestLoggingMiddleware] HTTP "GET" "/swagger/v1/swagger.json" responded 200 in 139.0132 ms
2025-11-03 15:46:48 [DBG] [Microsoft.EntityFrameworkCore.Infrastructure] An 'IServiceProvider' was created for internal use by Entity Framework.
2025-11-03 15:46:49 [DBG] [Microsoft.EntityFrameworkCore.Model] The index "{'UserId'}" was not created on entity type '"UserCurrency"' as the properties are already covered by the index "{'UserId', 'CurrencyId'}".
2025-11-03 15:46:49 [DBG] [Microsoft.EntityFrameworkCore.Infrastructure] Entity Framework Core "8.0.7" initialized '"ApplicationDbContext"' using provider '"Npgsql.EntityFrameworkCore.PostgreSQL":"8.0.4+51faf6e9c9c7ef99c3e98d98a96adb8fa8ae4553"' with options: "None"
2025-11-03 15:46:49 [DBG] [Microsoft.EntityFrameworkCore.Query] Compiling query expression: "
"'"DbSet<User>()
    .FirstOrDefault(x => x.Login == __login_0)"'
2025-11-03 15:46:49 [DBG] [Microsoft.EntityFrameworkCore.Query] Generated query execution expression: "
"'"queryContext => ShapedQueryCompilingExpressionVisitor.SingleOrDefaultAsync<User>(
    asyncEnumerable: new SingleQueryingEnumerable<User>(
        (RelationalQueryContext)queryContext, 
        RelationalCommandCache.QueryExpression(
            Projection Mapping:
                EmptyProjectionMember -> Dictionary<IProperty, int> { [Property: User.Id (long) Required PK AfterSave:Throw ValueGenerated.OnAdd, 0], [Property: User.Login (string) Required Index MaxLength(20), 1], [Property: User.Password (string) Required, 2] }
            SELECT TOP(1) u.Id, u.Login, u.Password
            FROM public.users AS u
            WHERE u.Login == @__login_0), 
        null, 
        Func<QueryContext, DbDataReader, ResultContext, SingleQueryResultCoordinator, User>, 
        TrueCodeApp.Core.Infrastructure.Persistence.ApplicationDbContext, 
        False, 
        False, 
        True
    ), 
    cancellationToken: queryContext.CancellationToken)"'
2025-11-03 15:46:49 [DBG] [Microsoft.EntityFrameworkCore.Database.Connection] Creating DbConnection.
2025-11-03 15:46:49 [DBG] [Microsoft.EntityFrameworkCore.Database.Connection] Created DbConnection. (4ms).
2025-11-03 15:46:49 [DBG] [Microsoft.EntityFrameworkCore.Database.Connection] Opening connection to database '"true_code"' on server '"tcp://127.0.0.1:25432"'.
2025-11-03 15:46:49 [DBG] [Microsoft.EntityFrameworkCore.Database.Connection] Opened connection to database '"true_code"' on server '"tcp://127.0.0.1:25432"'.
2025-11-03 15:46:50 [DBG] [Microsoft.EntityFrameworkCore.ChangeTracking] Context '"ApplicationDbContext"' started tracking '"User"' entity. Consider using 'DbContextOptionsBuilder.EnableSensitiveDataLogging' to see key values.
2025-11-03 15:46:50 [DBG] [Microsoft.EntityFrameworkCore.Database.Connection] Closing connection to database '"true_code"' on server '"tcp://127.0.0.1:25432"'.
2025-11-03 15:46:50 [DBG] [Microsoft.EntityFrameworkCore.Database.Connection] Closed connection to database '"true_code"' on server '"tcp://127.0.0.1:25432"' (10ms).
2025-11-03 15:46:50 [INF] [Serilog.AspNetCore.RequestLoggingMiddleware] HTTP "POST" "/api/User/login" responded 200 in 1760.2906 ms
2025-11-03 15:46:50 [DBG] [Microsoft.EntityFrameworkCore.Infrastructure] '"ApplicationDbContext"' disposed.
2025-11-03 15:46:50 [DBG] [Microsoft.EntityFrameworkCore.Database.Connection] Disposing connection to database '"true_code"' on server '"tcp://127.0.0.1:25432"'.
2025-11-03 15:46:50 [DBG] [Microsoft.EntityFrameworkCore.Database.Connection] Disposed connection to database '"true_code"' on server '"tcp://127.0.0.1:25432"' (4ms).
2025-11-03 15:51:21 [INF] [Microsoft.Hosting.Lifetime] Application is shutting down...
2025-11-03 15:51:21 [DBG] [Microsoft.Extensions.Hosting.Internal.Host] Hosting stopping
2025-11-03 15:51:21 [DBG] [Microsoft.Extensions.Hosting.Internal.Host] Hosting stopped
