2025-11-05 00:23:27 [DBG] [Microsoft.Extensions.Hosting.Internal.Host] Hosting starting
2025-11-05 00:23:27 [INF] [Microsoft.Hosting.Lifetime] Now listening on: "http://localhost:5180"
2025-11-05 00:23:27 [INF] [Microsoft.Hosting.Lifetime] Application started. Press Ctrl+C to shut down.
2025-11-05 00:23:27 [INF] [Microsoft.Hosting.Lifetime] Hosting environment: "Development"
2025-11-05 00:23:27 [INF] [Microsoft.Hosting.Lifetime] Content root path: "C:\Users\User\Downloads\TrueCode\TrueCode\TrueCodeApp\TrueCodeApp.User.Startup"
2025-11-05 00:23:27 [DBG] [Microsoft.Extensions.Hosting.Internal.Host] Hosting started
2025-11-05 00:23:27 [INF] [Serilog.AspNetCore.RequestLoggingMiddleware] HTTP "GET" "/swagger/index.html" responded 200 in 147.4065 ms
2025-11-05 00:23:28 [INF] [Serilog.AspNetCore.RequestLoggingMiddleware] HTTP "GET" "/swagger/index.js" responded 200 in 4.7084 ms
2025-11-05 00:23:28 [INF] [Serilog.AspNetCore.RequestLoggingMiddleware] HTTP "GET" "/swagger/v1/swagger.json" responded 200 in 125.3471 ms
2025-11-05 00:23:50 [DBG] [Microsoft.EntityFrameworkCore.Infrastructure] An 'IServiceProvider' was created for internal use by Entity Framework.
2025-11-05 00:23:51 [DBG] [Microsoft.EntityFrameworkCore.Model] The index "{'UserId'}" was not created on entity type '"UserCurrency"' as the properties are already covered by the index "{'UserId', 'CurrencyId'}".
2025-11-05 00:23:51 [DBG] [Microsoft.EntityFrameworkCore.Infrastructure] Entity Framework Core "8.0.7" initialized '"ApplicationDbContext"' using provider '"Npgsql.EntityFrameworkCore.PostgreSQL":"8.0.4+51faf6e9c9c7ef99c3e98d98a96adb8fa8ae4553"' with options: "None"
2025-11-05 00:23:51 [DBG] [Microsoft.EntityFrameworkCore.Query] Compiling query expression: "
"'"DbSet<User>()
    .FirstOrDefault(x => x.Login == __login_0)"'
2025-11-05 00:23:52 [DBG] [Microsoft.EntityFrameworkCore.Query] Generated query execution expression: "
"'"queryContext => ShapedQueryCompilingExpressionVisitor.SingleOrDefaultAsync<User>(
    asyncEnumerable: new SingleQueryingEnumerable<User>(
        (RelationalQueryContext)queryContext, 
        RelationalCommandCache.QueryExpression(
            Projection Mapping:
                EmptyProjectionMember -> Dictionary<IProperty, int> { [Property: User.Id (long) Required PK AfterSave:Throw ValueGenerated.OnAdd, 0], [Property: User.Login (string) Required Index MaxLength(20), 1], [Property: User.Password (string) Required, 2] }
            SELECT TOP(1) u.Id, u.Login, u.Password
            FROM public.users AS u
            WHERE u.Login == @__login_0), 
        null, 
        Func<QueryContext, DbDataReader, ResultContext, SingleQueryResultCoordinator, User>, 
        TrueCodeApp.Core.Infrastructure.Persistence.ApplicationDbContext, 
        False, 
        False, 
        True
    ), 
    cancellationToken: queryContext.CancellationToken)"'
2025-11-05 00:23:52 [DBG] [Microsoft.EntityFrameworkCore.Database.Connection] Creating DbConnection.
2025-11-05 00:23:52 [DBG] [Microsoft.EntityFrameworkCore.Database.Connection] Created DbConnection. (5ms).
2025-11-05 00:23:52 [DBG] [Microsoft.EntityFrameworkCore.Database.Connection] Opening connection to database '"true_code"' on server '"tcp://127.0.0.1:25432"'.
2025-11-05 00:23:52 [DBG] [Microsoft.EntityFrameworkCore.Database.Connection] Opened connection to database '"true_code"' on server '"tcp://127.0.0.1:25432"'.
2025-11-05 00:23:52 [DBG] [Microsoft.EntityFrameworkCore.Database.Connection] Closing connection to database '"true_code"' on server '"tcp://127.0.0.1:25432"'.
2025-11-05 00:23:52 [DBG] [Microsoft.EntityFrameworkCore.Database.Connection] Closed connection to database '"true_code"' on server '"tcp://127.0.0.1:25432"' (11ms).
2025-11-05 00:23:53 [DBG] [Microsoft.EntityFrameworkCore.ChangeTracking] '"ApplicationDbContext"' generated a temporary value for the property '"User"."Id"'. Consider using 'DbContextOptionsBuilder.EnableSensitiveDataLogging' to see key values.
2025-11-05 00:23:53 [DBG] [Microsoft.EntityFrameworkCore.ChangeTracking] Context '"ApplicationDbContext"' started tracking '"User"' entity. Consider using 'DbContextOptionsBuilder.EnableSensitiveDataLogging' to see key values.
2025-11-05 00:23:53 [DBG] [Microsoft.EntityFrameworkCore.Update] SaveChanges starting for '"ApplicationDbContext"'.
2025-11-05 00:23:53 [DBG] [Microsoft.EntityFrameworkCore.ChangeTracking] DetectChanges starting for '"ApplicationDbContext"'.
2025-11-05 00:23:53 [DBG] [Microsoft.EntityFrameworkCore.ChangeTracking] DetectChanges completed for '"ApplicationDbContext"'.
2025-11-05 00:23:53 [DBG] [Microsoft.EntityFrameworkCore.Database.Connection] Opening connection to database '"true_code"' on server '"tcp://127.0.0.1:25432"'.
2025-11-05 00:23:53 [DBG] [Microsoft.EntityFrameworkCore.Database.Connection] Opened connection to database '"true_code"' on server '"tcp://127.0.0.1:25432"'.
2025-11-05 00:23:54 [DBG] [Microsoft.EntityFrameworkCore.ChangeTracking] The foreign key property '"User"."Id"' was detected as changed. Consider using 'DbContextOptionsBuilder.EnableSensitiveDataLogging' to see property values.
2025-11-05 00:23:54 [DBG] [Microsoft.EntityFrameworkCore.Database.Connection] Closing connection to database '"true_code"' on server '"tcp://127.0.0.1:25432"'.
2025-11-05 00:23:54 [DBG] [Microsoft.EntityFrameworkCore.Database.Connection] Closed connection to database '"true_code"' on server '"tcp://127.0.0.1:25432"' (1ms).
2025-11-05 00:23:54 [DBG] [Microsoft.EntityFrameworkCore.ChangeTracking] An entity of type '"User"' tracked by '"ApplicationDbContext"' changed state from 'Added' to 'Unchanged'. Consider using 'DbContextOptionsBuilder.EnableSensitiveDataLogging' to see key values.
2025-11-05 00:23:54 [DBG] [Microsoft.EntityFrameworkCore.Update] SaveChanges completed for '"ApplicationDbContext"' with 1 entities written to the database.
2025-11-05 00:23:54 [INF] [Serilog.AspNetCore.RequestLoggingMiddleware] HTTP "POST" "/api/User/register" responded 200 in 3801.1321 ms
2025-11-05 00:23:54 [DBG] [Microsoft.EntityFrameworkCore.Infrastructure] '"ApplicationDbContext"' disposed.
2025-11-05 00:23:54 [DBG] [Microsoft.EntityFrameworkCore.Database.Connection] Disposing connection to database '"true_code"' on server '"tcp://127.0.0.1:25432"'.
2025-11-05 00:23:54 [DBG] [Microsoft.EntityFrameworkCore.Database.Connection] Disposed connection to database '"true_code"' on server '"tcp://127.0.0.1:25432"' (3ms).
2025-11-05 00:24:11 [DBG] [Microsoft.EntityFrameworkCore.Infrastructure] Entity Framework Core "8.0.7" initialized '"ApplicationDbContext"' using provider '"Npgsql.EntityFrameworkCore.PostgreSQL":"8.0.4+51faf6e9c9c7ef99c3e98d98a96adb8fa8ae4553"' with options: "None"
2025-11-05 00:24:11 [DBG] [Microsoft.EntityFrameworkCore.Database.Connection] Creating DbConnection.
2025-11-05 00:24:11 [DBG] [Microsoft.EntityFrameworkCore.Database.Connection] Created DbConnection. (1ms).
2025-11-05 00:24:11 [DBG] [Microsoft.EntityFrameworkCore.Database.Connection] Opening connection to database '"true_code"' on server '"tcp://127.0.0.1:25432"'.
2025-11-05 00:24:11 [DBG] [Microsoft.EntityFrameworkCore.Database.Connection] Opened connection to database '"true_code"' on server '"tcp://127.0.0.1:25432"'.
2025-11-05 00:24:12 [DBG] [Microsoft.EntityFrameworkCore.ChangeTracking] Context '"ApplicationDbContext"' started tracking '"User"' entity. Consider using 'DbContextOptionsBuilder.EnableSensitiveDataLogging' to see key values.
2025-11-05 00:24:12 [DBG] [Microsoft.EntityFrameworkCore.Database.Connection] Closing connection to database '"true_code"' on server '"tcp://127.0.0.1:25432"'.
2025-11-05 00:24:12 [DBG] [Microsoft.EntityFrameworkCore.Database.Connection] Closed connection to database '"true_code"' on server '"tcp://127.0.0.1:25432"' (1ms).
2025-11-05 00:24:12 [INF] [Serilog.AspNetCore.RequestLoggingMiddleware] HTTP "POST" "/api/User/login" responded 200 in 1860.9385 ms
2025-11-05 00:24:12 [DBG] [Microsoft.EntityFrameworkCore.Infrastructure] '"ApplicationDbContext"' disposed.
2025-11-05 00:24:12 [DBG] [Microsoft.EntityFrameworkCore.Database.Connection] Disposing connection to database '"true_code"' on server '"tcp://127.0.0.1:25432"'.
2025-11-05 00:24:12 [DBG] [Microsoft.EntityFrameworkCore.Database.Connection] Disposed connection to database '"true_code"' on server '"tcp://127.0.0.1:25432"' (2ms).
2025-11-05 00:26:35 [INF] [Microsoft.Hosting.Lifetime] Application is shutting down...
2025-11-05 00:26:35 [DBG] [Microsoft.Extensions.Hosting.Internal.Host] Hosting stopping
2025-11-05 00:26:35 [DBG] [Microsoft.Extensions.Hosting.Internal.Host] Hosting stopped
2025-11-05 00:37:04 [DBG] [Microsoft.Extensions.Hosting.Internal.Host] Hosting starting
2025-11-05 00:37:04 [INF] [Microsoft.Hosting.Lifetime] Now listening on: "http://localhost:5180"
2025-11-05 00:37:04 [INF] [Microsoft.Hosting.Lifetime] Application started. Press Ctrl+C to shut down.
2025-11-05 00:37:04 [INF] [Microsoft.Hosting.Lifetime] Hosting environment: "Development"
2025-11-05 00:37:04 [INF] [Microsoft.Hosting.Lifetime] Content root path: "C:\Users\User\Downloads\TrueCode\TrueCode\TrueCodeApp\TrueCodeApp.User.Startup"
2025-11-05 00:37:04 [DBG] [Microsoft.Extensions.Hosting.Internal.Host] Hosting started
2025-11-05 00:37:05 [INF] [Serilog.AspNetCore.RequestLoggingMiddleware] HTTP "GET" "/swagger/index.html" responded 200 in 105.8115 ms
2025-11-05 00:37:05 [INF] [Serilog.AspNetCore.RequestLoggingMiddleware] HTTP "GET" "/swagger/index.js" responded 200 in 4.4231 ms
2025-11-05 00:37:05 [INF] [Serilog.AspNetCore.RequestLoggingMiddleware] HTTP "GET" "/swagger/v1/swagger.json" responded 200 in 112.5281 ms
2025-11-05 00:37:12 [DBG] [Microsoft.EntityFrameworkCore.Infrastructure] An 'IServiceProvider' was created for internal use by Entity Framework.
2025-11-05 00:37:13 [DBG] [Microsoft.EntityFrameworkCore.Model] The index "{'UserId'}" was not created on entity type '"UserCurrency"' as the properties are already covered by the index "{'UserId', 'CurrencyId'}".
2025-11-05 00:37:13 [DBG] [Microsoft.EntityFrameworkCore.Infrastructure] Entity Framework Core "8.0.7" initialized '"ApplicationDbContext"' using provider '"Npgsql.EntityFrameworkCore.PostgreSQL":"8.0.4+51faf6e9c9c7ef99c3e98d98a96adb8fa8ae4553"' with options: "None"
2025-11-05 00:37:13 [DBG] [Microsoft.EntityFrameworkCore.Query] Compiling query expression: "
"'"DbSet<User>()
    .FirstOrDefault(x => x.Login == __login_0)"'
2025-11-05 00:37:13 [DBG] [Microsoft.EntityFrameworkCore.Query] Generated query execution expression: "
"'"queryContext => ShapedQueryCompilingExpressionVisitor.SingleOrDefaultAsync<User>(
    asyncEnumerable: new SingleQueryingEnumerable<User>(
        (RelationalQueryContext)queryContext, 
        RelationalCommandCache.QueryExpression(
            Projection Mapping:
                EmptyProjectionMember -> Dictionary<IProperty, int> { [Property: User.Id (long) Required PK AfterSave:Throw ValueGenerated.OnAdd, 0], [Property: User.Login (string) Required Index MaxLength(20), 1], [Property: User.Password (string) Required, 2] }
            SELECT TOP(1) u.Id, u.Login, u.Password
            FROM public.users AS u
            WHERE u.Login == @__login_0), 
        null, 
        Func<QueryContext, DbDataReader, ResultContext, SingleQueryResultCoordinator, User>, 
        TrueCodeApp.Core.Infrastructure.Persistence.ApplicationDbContext, 
        False, 
        False, 
        True
    ), 
    cancellationToken: queryContext.CancellationToken)"'
2025-11-05 00:37:13 [DBG] [Microsoft.EntityFrameworkCore.Database.Connection] Creating DbConnection.
2025-11-05 00:37:13 [DBG] [Microsoft.EntityFrameworkCore.Database.Connection] Created DbConnection. (5ms).
2025-11-05 00:37:13 [DBG] [Microsoft.EntityFrameworkCore.Database.Connection] Opening connection to database '"true_code"' on server '"tcp://127.0.0.1:25432"'.
2025-11-05 00:37:18 [DBG] [Microsoft.EntityFrameworkCore.Database.Connection] Opened connection to database '"true_code"' on server '"tcp://127.0.0.1:25432"'.
2025-11-05 00:37:18 [DBG] [Microsoft.EntityFrameworkCore.ChangeTracking] Context '"ApplicationDbContext"' started tracking '"User"' entity. Consider using 'DbContextOptionsBuilder.EnableSensitiveDataLogging' to see key values.
2025-11-05 00:37:19 [DBG] [Microsoft.EntityFrameworkCore.Database.Connection] Closing connection to database '"true_code"' on server '"tcp://127.0.0.1:25432"'.
2025-11-05 00:37:19 [DBG] [Microsoft.EntityFrameworkCore.Database.Connection] Closed connection to database '"true_code"' on server '"tcp://127.0.0.1:25432"' (6ms).
2025-11-05 00:37:19 [INF] [Serilog.AspNetCore.RequestLoggingMiddleware] HTTP "POST" "/api/User/login" responded 200 in 6608.2806 ms
2025-11-05 00:37:19 [DBG] [Microsoft.EntityFrameworkCore.Infrastructure] '"ApplicationDbContext"' disposed.
2025-11-05 00:37:19 [DBG] [Microsoft.EntityFrameworkCore.Database.Connection] Disposing connection to database '"true_code"' on server '"tcp://127.0.0.1:25432"'.
2025-11-05 00:37:19 [DBG] [Microsoft.EntityFrameworkCore.Database.Connection] Disposed connection to database '"true_code"' on server '"tcp://127.0.0.1:25432"' (4ms).
2025-11-05 00:38:10 [INF] [Microsoft.Hosting.Lifetime] Application is shutting down...
2025-11-05 00:38:10 [DBG] [Microsoft.Extensions.Hosting.Internal.Host] Hosting stopping
2025-11-05 00:38:10 [DBG] [Microsoft.Extensions.Hosting.Internal.Host] Hosting stopped
